     VMA      LMA     Size Align Out     In      Symbol
       0        0        0     1 RAM_START = 0x20000000
       0        0        0     1 RAM_LENGTH = 0x00080000
       0        0        0     1 FLASH_START = 0x00000000
       0        0        0     1 FLASH_LENGTH = 0x00100000
       0        0        0     1 DATA_FLASH_START = 0x08000000
       0        0        0     1 DATA_FLASH_LENGTH = 0x00002000
       0        0        0     1 QSPI_FLASH_START = 0x60000000
       0        0        0     1 QSPI_FLASH_LENGTH = 0x04000000
       0        0        0     1 OSPI0_CS0_START = 0x68000000
       0        0        0     1 OSPI0_CS0_LENGTH = 0x08000000
       0        0        0     1 OSPI0_CS1_START = 0x70000000
       0        0        0     1 OSPI0_CS1_LENGTH = 0x10000000
       0        0        0     1 OPTION_SETTING_OFS0_START = 0x0100a100
       0        0        0     1 OPTION_SETTING_OFS0_LENGTH = 0x00000004
       0        0        0     1 OPTION_SETTING_DUALSEL_START = 0x0100a110
       0        0        0     1 OPTION_SETTING_DUALSEL_LENGTH = 0x00000004
       0        0        0     1 OPTION_SETTING_OFS1_START = 0x0100a180
       0        0        0     1 OPTION_SETTING_OFS1_LENGTH = 0x00000004
       0        0        0     1 OPTION_SETTING_BANKSEL_START = 0x0100a190
       0        0        0     1 OPTION_SETTING_BANKSEL_LENGTH = 0x00000004
       0        0        0     1 OPTION_SETTING_BPS_START = 0x0100a1c0
       0        0        0     1 OPTION_SETTING_BPS_LENGTH = 0x00000010
       0        0        0     1 OPTION_SETTING_PBPS_START = 0x0100a1e0
       0        0        0     1 OPTION_SETTING_PBPS_LENGTH = 0x00000010
       0        0        0     1 OPTION_SETTING_OFS1_SEC_START = 0x0100a200
       0        0        0     1 OPTION_SETTING_OFS1_SEC_LENGTH = 0x00000004
       0        0        0     1 OPTION_SETTING_BANKSEL_SEC_START = 0x0100a210
       0        0        0     1 OPTION_SETTING_BANKSEL_SEC_LENGTH = 0x00000004
       0        0        0     1 OPTION_SETTING_BPS_SEC_START = 0x0100a240
       0        0        0     1 OPTION_SETTING_BPS_SEC_LENGTH = 0x00000010
       0        0        0     1 OPTION_SETTING_PBPS_SEC_START = 0x0100a260
       0        0        0     1 OPTION_SETTING_PBPS_SEC_LENGTH = 0x00000010
       0        0        0     1 OPTION_SETTING_OFS1_SEL_START = 0x0100a280
       0        0        0     1 OPTION_SETTING_OFS1_SEL_LENGTH = 0x00000004
       0        0        0     1 OPTION_SETTING_BANKSEL_SEL_START = 0x0100a290
       0        0        0     1 OPTION_SETTING_BANKSEL_SEL_LENGTH = 0x00000004
       0        0        0     1 OPTION_SETTING_BPS_SEL_START = 0x0100a2c0
       0        0        0     1 OPTION_SETTING_BPS_SEL_LENGTH = 0x00000010
60000000 60000000        0     1 .qspi_flash.startof
60000000 60000000        0     1         __ddsc_QSPI_FLASH_START = . 
68000000 68000000        0     1 .ospi0_cs0.startof
68000000 68000000        0     1         __ddsc_OSPI0_CS0_START = . 
68000000 68000000        0     1 __ospi0_cs0_from_qspi_flash$$
68000000 68000000        0     1         __ospi0_cs0_from_qspi_flash$$Base = . 
68000000 68000000        0     1         __ospi0_cs0_from_qspi_flash$$Load = LOADADDR(__ospi0_cs0_from_qspi_flash$$) 
68000000 68000000        0     1         __ospi0_cs0_from_qspi_flash$$Limit = . 
20000000 20000000        0     1 .ram.startof
20000000 20000000        0     1         __ddsc_RAM_START = . 
20000000 20000000        0     1 __ram_dtc_vector$$
20000000 20000000        0     1         __ram_dtc_vector$$Base = . 
20000000 20000000        0     1         __ram_dtc_vector$$Limit = . 
20000000 20000000        0     1 __ram_from_qspi_flash$$
20000000 20000000        0     1         __ram_from_qspi_flash$$Base = . 
20000000 20000000        0     1         __ram_from_qspi_flash$$Load = LOADADDR(__ram_from_qspi_flash$$) 
20000000 20000000        0     1         __ram_from_qspi_flash$$Limit = . 
60000000 60000000        0     1 __qspi_flash_readonly$$
60000000 60000000        0     1         __qspi_flash_readonly$$Base = . 
60000000 60000000        0     1         __qspi_flash_readonly$$Limit = . 
60000000 60000000        0     1 __qspi_flash_noinit$$
60000000 60000000        0     1         __qspi_flash_noinit$$Base = . 
60000000 60000000        0     1         __qspi_flash_noinit$$Limit = . 
60000000 60000000        0     1 .qspi_flash.endof
60000000 60000000        0     1         __ddsc_QSPI_FLASH_END = . 
70000000 70000000        0     1 .ospi0_cs1.startof
70000000 70000000        0     1         __ddsc_OSPI0_CS1_START = . 
68000000 68000000        0     1 __ospi0_cs0_from_ospi0_cs1$$
68000000 68000000        0     1         __ospi0_cs0_from_ospi0_cs1$$Base = . 
68000000 68000000        0     1         __ospi0_cs0_from_ospi0_cs1$$Load = LOADADDR(__ospi0_cs0_from_ospi0_cs1$$) 
68000000 68000000        0     1         __ospi0_cs0_from_ospi0_cs1$$Limit = . 
20000000 20000000        0     1 __ram_from_ospi0_cs1$$
20000000 20000000        0     1         __ram_from_ospi0_cs1$$Base = . 
20000000 20000000        0     1         __ram_from_ospi0_cs1$$Load = LOADADDR(__ram_from_ospi0_cs1$$) 
20000000 20000000        0     1         __ram_from_ospi0_cs1$$Limit = . 
70000000 70000000        0     1 __ospi0_cs1_readonly$$
70000000 70000000        0     1         __ospi0_cs1_readonly$$Base = . 
70000000 70000000        0     1         __ospi0_cs1_readonly$$Limit = . 
70000000 70000000        0     1 __ospi0_cs1_noinit$$
70000000 70000000        0     1         __ospi0_cs1_noinit$$Base = . 
70000000 70000000        0     1         __ospi0_cs1_noinit$$Limit = . 
70000000 70000000        0     1 .ospi0_cs1.endof
70000000 70000000        0     1         __ddsc_OSPI0_CS1_END = . 
 8000000  8000000        0     1 .data_flash.startof
 8000000  8000000        0     1         __ddsc_DATA_FLASH_START = . 
68000000 68000000        0     1 __ospi0_cs0_from_data_flash$$
68000000 68000000        0     1         __ospi0_cs0_from_data_flash$$Base = . 
68000000 68000000        0     1         __ospi0_cs0_from_data_flash$$Load = LOADADDR(__ospi0_cs0_from_data_flash$$) 
68000000 68000000        0     1         __ospi0_cs0_from_data_flash$$Limit = . 
20000000 20000000        0     1 __ram_from_data_flash$$
20000000 20000000        0     1         __ram_from_data_flash$$Base = . 
20000000 20000000        0     1         __ram_from_data_flash$$Load = LOADADDR(__ram_from_data_flash$$) 
20000000 20000000        0     1         __ram_from_data_flash$$Limit = . 
 8000000  8000000        0     1 __data_flash_readonly$$
 8000000  8000000        0     1         __data_flash_readonly$$Base = . 
 8000000  8000000        0     1         __data_flash_readonly$$Limit = . 
 8000000  8000000        0     1 __data_flash_noinit$$
 8000000  8000000        0     1         __data_flash_noinit$$Base = . 
 8000000  8000000        0     1         __data_flash_noinit$$Limit = . 
 8000000  8000000        0     1 .data_flash.endof
 8000000  8000000        0     1         __ddsc_DATA_FLASH_END = . 
       0        0        0     1 .flash.startof
       0        0        0     1         __ddsc_FLASH_START = . 
       0        0       58     4 __flash_vectors$$
       0        0        0     1         __flash_vectors$$Base = . 
       0        0        0     1         _VECTORS = . 
       0        0       40     4         CMakeFiles/Digitally_Controlled_Power_Source.elf.dir/ra/fsp/src/bsp/cmsis/Device/RENESAS/Source/startup.c.obj:(.fixed_vectors)
       0        0       40     1                 __Vectors
      40       40       18     4         CMakeFiles/Digitally_Controlled_Power_Source.elf.dir/ra_gen/vector_data.c.obj:(.application_vectors)
      40       40       18     1                 g_vector_table
      58       58        0     1         __flash_vectors$$Limit = . 
      58       58        0     1 __flash_noinit$$
      58       58        0     1         __flash_noinit$$Base = . 
      58       58        0     1         __flash_noinit$$Limit = . 
68000000 68000000        0     1 __ospi0_cs0_from_flash$$
68000000 68000000        0     1         __ospi0_cs0_from_flash$$Base = . 
68000000 68000000        0     1         __ospi0_cs0_from_flash$$Load = LOADADDR(__ospi0_cs0_from_flash$$) 
68000000 68000000        0     1         __ospi0_cs0_from_flash$$Limit = . 
68000000 68000000        0     1 __ospi0_cs0_noinit_nocache$$
68000000 68000000        0     1         __ospi0_cs0_noinit_nocache$$Base = . 
68000000 68000000        0     1         __ospi0_cs0_noinit_nocache$$Limit = . 
68000000 68000000        0     1 __ospi0_cs0_zero_nocache$$
68000000 68000000        0     1         __ospi0_cs0_zero_nocache$$Base = . 
68000000 68000000        0     1         . = ALIGN(32)
68000000 68000000        0     1         __ospi0_cs0_zero_nocache$$Limit = . 
68000000 68000000        0     1 __ospi0_cs0_noinit$$
68000000 68000000        0     1         __ospi0_cs0_noinit$$Base = . 
68000000 68000000        0     1         __ospi0_cs0_noinit$$Limit = . 
68000000 68000000        0     1 __ospi0_cs0_zero$$
68000000 68000000        0     1         __ospi0_cs0_zero$$Base = . 
68000000 68000000        0     1         __ospi0_cs0_zero$$Limit = . 
68000000 68000000        0     1 .ospi0_cs0.endof
68000000 68000000        0     1         __ddsc_OSPI0_CS0_END = . 
20000000 20000000        0     1 __ram_from_flash$$
20000000 20000000        0     1         __ram_from_flash$$Base = . 
20000000 20000000        0     1         __ram_from_flash$$Load = LOADADDR(__ram_from_flash$$) 
20000000 20000000        0     1         __ram_from_flash$$Limit = . 
20000000 20000000        0     1 __ram_noinit_nocache$$
20000000 20000000        0     1         __ram_noinit_nocache$$Base = . 
20000000 20000000        0     1         __ram_noinit_nocache$$Limit = . 
20000000 20000000        0     1 __ram_zero_nocache$$
20000000 20000000        0     1         __ram_zero_nocache$$Base = . 
20000000 20000000        0     1         . = ALIGN(32)
20000000 20000000        0     1         __ram_zero_nocache$$Limit = . 
20000000 20000000      41c     8 __ram_noinit$$
20000000 20000000        0     1         __ram_noinit$$Base = . 
20000000 20000000      400     8         CMakeFiles/Digitally_Controlled_Power_Source.elf.dir/ra/fsp/src/bsp/cmsis/Device/RENESAS/Source/startup.c.obj:(.bss.g_main_stack)
20000000 20000000      400     1                 g_main_stack
20000400 20000400       1c     4         CMakeFiles/Digitally_Controlled_Power_Source.elf.dir/ra/fsp/src/bsp/mcu/all/bsp_clocks.c.obj:(.ram_noinit)
20000400 20000400       1c     1                 g_clock_freq
2000041c 2000041c        0     1         __ram_noinit$$Limit = . 
2000041c 2000041c       b8     4 __ram_zero$$
2000041c 2000041c        0     1         __ram_zero$$Base = . 
2000041c 2000041c        4     4         CMakeFiles/Digitally_Controlled_Power_Source.elf.dir/ra/fsp/src/bsp/cmsis/Device/RENESAS/Source/system.c.obj:(.bss.SystemCoreClock)
2000041c 2000041c        4     1                 SystemCoreClock
20000420 20000420       40     4         CMakeFiles/Digitally_Controlled_Power_Source.elf.dir/ra/fsp/src/bsp/mcu/all/bsp_group_irq.c.obj:(.bss.g_bsp_group_irq_sources)
20000420 20000420       40     1                 g_bsp_group_irq_sources
20000460 20000460        4     4         CMakeFiles/Digitally_Controlled_Power_Source.elf.dir/ra/fsp/src/bsp/mcu/all/bsp_io.c.obj:(.bss.g_protect_pfswe_counter)
20000460 20000460        4     1                 g_protect_pfswe_counter
20000464 20000464       18     4         CMakeFiles/Digitally_Controlled_Power_Source.elf.dir/ra/fsp/src/bsp/mcu/all/bsp_irq.c.obj:(.bss.gp_renesas_isr_context)
20000464 20000464       18     1                 gp_renesas_isr_context
2000047c 2000047c        a     2         CMakeFiles/Digitally_Controlled_Power_Source.elf.dir/ra/fsp/src/bsp/mcu/all/bsp_register_protection.c.obj:(.bss.g_protect_counters)
2000047c 2000047c        a     1                 g_protect_counters
20000488 20000488        8     4         CMakeFiles/Digitally_Controlled_Power_Source.elf.dir/ra_gen/common_data.c.obj:(.bss.g_ioport_ctrl)
20000488 20000488        8     1                 g_ioport_ctrl
20000490 20000490       20     4         CMakeFiles/Digitally_Controlled_Power_Source.elf.dir/ra_gen/hal_data.c.obj:(.bss.output_timer_ctrl)
20000490 20000490       20     1                 output_timer_ctrl
200004b0 200004b0       20     4         CMakeFiles/Digitally_Controlled_Power_Source.elf.dir/ra_gen/hal_data.c.obj:(.bss.adc_timer_ctrl)
200004b0 200004b0       20     1                 adc_timer_ctrl
200004d0 200004d0        4     4         C:\Users\z\.renesas\platform\arm-llvm\21.1.1\ATfE-21.1.1-Windows-x86_64\bin\..\lib\clang-runtimes/arm-none-eabi/armv8m.main_hard_fp_exn_rtti_unaligned_size\lib\libc.a(libc_picolib_machine_arm_tls.c.o):(.bss.__tls)
200004d0 200004d0        4     1                 __tls
200004d4 200004d4        0     1         __ram_zero$$Limit = . 
200004d4 200004d4        0     1 __ram_tdata$$
200004d4 200004d4        0     1         __ram_tdata$$Base = . 
200004d4 200004d4        0     1         __ram_tdata$$Load = LOADADDR(__ram_tdata$$) 
200004d4 200004d4        0     1         __ram_tdata$$Limit = . 
200004d4 200004d4        0     1 __ram_tbss$$
200004d4 200004d4        0     1         __ram_tbss$$Base = . 
200004d4 200004d4        0     1         __ram_tbss$$Limit = . 
200004d8 200004d8        0     1 __ram_thread_stack$$
200004d8 200004d8        0     1         __ram_thread_stack$$Base = . 
200004d8 200004d8        0     1         __ram_thread_stack$$Limit = . 
20002000 20002000        0     1 .ram.endof
20002000 20002000        0     1         __ddsc_RAM_END = . 
20002000 20002000        0     1 .ram.flat_nsc
20002000 20002000        0     1         __ddsc_RAM_NSC = . 
      58       58     1196     4 __flash_readonly$$
      58       58        0     1         __flash_readonly$$Base = . 
      58       58        a     4         CMakeFiles/Digitally_Controlled_Power_Source.elf.dir/ra/fsp/src/bsp/cmsis/Device/RENESAS/Source/startup.c.obj:(.text.Reset_Handler)
      58       58        0     1                 $t
      59       59        a     1                 Reset_Handler
      64       64        4     4         CMakeFiles/Digitally_Controlled_Power_Source.elf.dir/ra/fsp/src/bsp/cmsis/Device/RENESAS/Source/startup.c.obj:(.text.Default_Handler)
      64       64        0     1                 $t
      65       65        4     1                 Default_Handler
      65       65        4     1                 HardFault_Handler
      65       65        4     1                 MemManage_Handler
      65       65        4     1                 BusFault_Handler
      65       65        4     1                 UsageFault_Handler
      65       65        4     1                 SecureFault_Handler
      65       65        4     1                 SVC_Handler
      65       65        4     1                 DebugMon_Handler
      65       65        4     1                 PendSV_Handler
      65       65        4     1                 SysTick_Handler
      68       68      18c     4         CMakeFiles/Digitally_Controlled_Power_Source.elf.dir/ra/fsp/src/bsp/cmsis/Device/RENESAS/Source/system.c.obj:(.text.SystemInit)
      68       68        0     1                 $t
      69       69      18c     1                 SystemInit
     1f4      1f4       2c     4         CMakeFiles/Digitally_Controlled_Power_Source.elf.dir/ra/fsp/src/bsp/mcu/all/bsp_clocks.c.obj:(.text.SystemCoreClockUpdate)
     1f4      1f4        0     1                 $t
     1f5      1f5       2c     1                 SystemCoreClockUpdate
     220      220      130     4         CMakeFiles/Digitally_Controlled_Power_Source.elf.dir/ra/fsp/src/bsp/mcu/all/bsp_clocks.c.obj:(.text.bsp_clock_init)
     220      220        0     1                 $t
     221      221      130     1                 bsp_clock_init
     350      350        2     4         CMakeFiles/Digitally_Controlled_Power_Source.elf.dir/ra/fsp/src/bsp/mcu/all/bsp_clocks.c.obj:(.text.R_BSP_SubClockStabilizeWaitAfterReset)
     350      350        0     1                 $t
     351      351        2     1                 R_BSP_SubClockStabilizeWaitAfterReset
     354      354       7a     4         CMakeFiles/Digitally_Controlled_Power_Source.elf.dir/ra/fsp/src/bsp/mcu/all/bsp_clocks.c.obj:(.text.R_BSP_Init_RTC)
     354      354        0     1                 $t
     355      355       7a     1                 R_BSP_Init_RTC
     3d0      3d0        2     4         CMakeFiles/Digitally_Controlled_Power_Source.elf.dir/ra/fsp/src/bsp/mcu/all/bsp_common.c.obj:(.text.bsp_init_internal)
     3d0      3d0        0     1                 $t
     3d1      3d1        2     1                 bsp_init_internal
     3d1      3d1        2     1                 bsp_init
     3d4      3d4       86     4         CMakeFiles/Digitally_Controlled_Power_Source.elf.dir/ra/fsp/src/bsp/mcu/all/bsp_delay.c.obj:(.text.R_BSP_SoftwareDelay)
     3d4      3d4        0     1                 $t
     3d5      3d5       86     1                 R_BSP_SoftwareDelay
     45c      45c        8     4         CMakeFiles/Digitally_Controlled_Power_Source.elf.dir/ra/fsp/src/bsp/mcu/all/bsp_delay.c.obj:(.text.bsp_prv_software_delay_loop)
     45c      45c        0     1                 sw_delay_loop
     45c      45c        0     1                 $t
     45d      45d        8     1                 bsp_prv_software_delay_loop
     464      464       4c     4         CMakeFiles/Digitally_Controlled_Power_Source.elf.dir/ra/fsp/src/bsp/mcu/all/bsp_group_irq.c.obj:(.text.NMI_Handler)
     464      464        0     1                 $t
     465      465       4c     1                 NMI_Handler
     4b0      4b0       8a     4         CMakeFiles/Digitally_Controlled_Power_Source.elf.dir/ra/fsp/src/bsp/mcu/all/bsp_irq.c.obj:(.text.bsp_irq_cfg)
     4b0      4b0        0     1                 $t
     4b1      4b1       8a     1                 bsp_irq_cfg
     53c      53c       58     4         CMakeFiles/Digitally_Controlled_Power_Source.elf.dir/ra/fsp/src/bsp/mcu/all/bsp_register_protection.c.obj:(.text.R_BSP_RegisterProtectEnable)
     53c      53c        0     1                 $t
     53d      53d       58     1                 R_BSP_RegisterProtectEnable
     594      594       4e     4         CMakeFiles/Digitally_Controlled_Power_Source.elf.dir/ra/fsp/src/bsp/mcu/all/bsp_register_protection.c.obj:(.text.R_BSP_RegisterProtectDisable)
     594      594        0     1                 $t
     595      595       4e     1                 R_BSP_RegisterProtectDisable
     5e4      5e4       96     4         CMakeFiles/Digitally_Controlled_Power_Source.elf.dir/ra/fsp/src/r_adc/r_adc.c.obj:(.text.adc_scan_end_isr)
     5e4      5e4        0     1                 $t
     5e5      5e5       96     1                 adc_scan_end_isr
     67c      67c       98     4         CMakeFiles/Digitally_Controlled_Power_Source.elf.dir/ra/fsp/src/r_adc/r_adc.c.obj:(.text.adc_scan_end_b_isr)
     67c      67c        0     1                 $t
     67d      67d       98     1                 adc_scan_end_b_isr
     714      714      2fc     4         CMakeFiles/Digitally_Controlled_Power_Source.elf.dir/ra/fsp/src/r_gpt/r_gpt.c.obj:(.text.R_GPT_Open)
     714      714        0     1                 $t
     715      715      2fc     1                 R_GPT_Open
     a10      a10        a     4         CMakeFiles/Digitally_Controlled_Power_Source.elf.dir/ra/fsp/src/r_gpt/r_gpt.c.obj:(.text.R_GPT_Start)
     a10      a10        0     1                 $t
     a11      a11        a     1                 R_GPT_Start
     a1c      a1c      12e     4         CMakeFiles/Digitally_Controlled_Power_Source.elf.dir/ra/fsp/src/r_gpt/r_gpt.c.obj:(.text.R_GPT_DutyCycleSet)
     a1c      a1c        0     1                 $t
     a1d      a1d      12e     1                 R_GPT_DutyCycleSet
     b4c      b4c       aa     4         CMakeFiles/Digitally_Controlled_Power_Source.elf.dir/ra/fsp/src/r_gpt/r_gpt.c.obj:(.text.gpt_counter_overflow_isr)
     b4c      b4c        0     1                 $t
     b4d      b4d       aa     1                 gpt_counter_overflow_isr
     bf8      bf8       60     4         CMakeFiles/Digitally_Controlled_Power_Source.elf.dir/ra/fsp/src/r_gpt/r_gpt.c.obj:(.text.gpt_counter_underflow_isr)
     bf8      bf8        0     1                 $t
     bf9      bf9       60     1                 gpt_counter_underflow_isr
     c58      c58       5e     4         CMakeFiles/Digitally_Controlled_Power_Source.elf.dir/ra/fsp/src/r_gpt/r_gpt.c.obj:(.text.r_gpt_enable_irq)
     c58      c58        0     1                 $t
     c59      c59       5e     1                 r_gpt_enable_irq
     cb8      cb8       16     4         CMakeFiles/Digitally_Controlled_Power_Source.elf.dir/ra/fsp/src/r_ioport/r_ioport.c.obj:(.text.R_IOPORT_Open)
     cb8      cb8        0     1                 $t
     cb9      cb9       16     1                 R_IOPORT_Open
     cd0      cd0       ca     4         CMakeFiles/Digitally_Controlled_Power_Source.elf.dir/ra/fsp/src/r_ioport/r_ioport.c.obj:(.text.r_ioport_pins_config)
     cd0      cd0        0     1                 $t
     cd1      cd1       ca     1                 r_ioport_pins_config
     d9c      d9c       d2     4         CMakeFiles/Digitally_Controlled_Power_Source.elf.dir/ra/fsp/src/r_ioport/r_ioport.c.obj:(.text.bsp_vbatt_init)
     d9c      d9c        0     1                 $t
     d9d      d9d       d2     1                 bsp_vbatt_init
     e70      e70        a     4         CMakeFiles/Digitally_Controlled_Power_Source.elf.dir/ra_gen/main.c.obj:(.text.main)
     e70      e70        0     1                 $t
     e71      e71        a     1                 main
     e7c      e7c       4a     4         CMakeFiles/Digitally_Controlled_Power_Source.elf.dir/src/hal_entry.c.obj:(.text.hal_entry)
     e7c      e7c        0     1                 $t
     e7d      e7d       4a     1                 hal_entry
     ec8      ec8       1a     4         CMakeFiles/Digitally_Controlled_Power_Source.elf.dir/src/hal_warmstart.c.obj:(.text.R_BSP_WarmStart)
     ec8      ec8        0     1                 $t
     ec9      ec9       1a     1                 R_BSP_WarmStart
     ee2      ee2        8     2         C:\Users\z\.renesas\platform\arm-llvm\21.1.1\ATfE-21.1.1-Windows-x86_64\bin\..\lib\clang-runtimes/arm-none-eabi/armv8m.main_hard_fp_exn_rtti_unaligned_size\lib\libc.a(bzero.c.o):(.text.bzero)
     ee2      ee2        0     1                 $t
     ee3      ee3        8     1                 bzero
     ee3      ee3        8     1                 __aeabi_memclr4
     ee3      ee3        8     1                 __aeabi_memclr8
     ee3      ee3        8     1                 __aeabi_memclr
     eea      eea       12     2         C:\Users\z\.renesas\platform\arm-llvm\21.1.1\ATfE-21.1.1-Windows-x86_64\bin\..\lib\clang-runtimes/arm-none-eabi/armv8m.main_hard_fp_exn_rtti_unaligned_size\lib\libc.a(memcpy.c.o):(.text.memcpy)
     eea      eea        0     1                 $t
     eeb      eeb       12     1                 memcpy
     eeb      eeb       12     1                 __aeabi_memcpy4
     eeb      eeb       12     1                 __aeabi_memcpy8
     eeb      eeb       12     1                 __aeabi_memcpy
     efc      efc        e     2         C:\Users\z\.renesas\platform\arm-llvm\21.1.1\ATfE-21.1.1-Windows-x86_64\bin\..\lib\clang-runtimes/arm-none-eabi/armv8m.main_hard_fp_exn_rtti_unaligned_size\lib\libc.a(memset.c.o):(.text.memset)
     efc      efc        0     1                 $t
     efd      efd        e     1                 memset
     f0c      f0c       28     4         C:\Users\z\.renesas\platform\arm-llvm\21.1.1\ATfE-21.1.1-Windows-x86_64\bin\..\lib\clang-runtimes/arm-none-eabi/armv8m.main_hard_fp_exn_rtti_unaligned_size\lib\libc.a(libc_picolib_inittls.c.o):(.text._init_tls)
     f0c      f0c        0     1                 $t
     f0d      f0d       28     1                 _init_tls
     f24      f24        0     1                 $d
     f34      f34       14     4         C:\Users\z\.renesas\platform\arm-llvm\21.1.1\ATfE-21.1.1-Windows-x86_64\bin\..\lib\clang-runtimes/arm-none-eabi/armv8m.main_hard_fp_exn_rtti_unaligned_size\lib\libc.a(libc_picolib_machine_arm_set_tls.c.o):(.text._set_tls)
     f34      f34        0     1                 $t
     f35      f35       14     1                 _set_tls
     f40      f40        0     1                 $d
     f48      f48        a     2         CMakeFiles/Digitally_Controlled_Power_Source.elf.dir/ra/fsp/src/bsp/mcu/all/bsp_register_protection.c.obj:(.rodata.g_prcr_masks)
     f48      f48        a     1                 g_prcr_masks
     f54      f54       10     4         CMakeFiles/Digitally_Controlled_Power_Source.elf.dir/ra/fsp/src/bsp/mcu/ra6m5/bsp_linker.c.obj:(.rodata.nocache_list)
     f54      f54       10     1                 nocache_list
     f64      f64       18     4         CMakeFiles/Digitally_Controlled_Power_Source.elf.dir/ra/fsp/src/bsp/mcu/ra6m5/bsp_linker.c.obj:(.rodata.g_init_info)
     f64      f64       18     1                 g_init_info
     f7c      f7c       3c     4         CMakeFiles/Digitally_Controlled_Power_Source.elf.dir/ra/fsp/src/bsp/mcu/ra6m5/bsp_linker.c.obj:(.rodata.zero_list)
     f7c      f7c       3c     1                 zero_list
     fb8      fb8       90     4         CMakeFiles/Digitally_Controlled_Power_Source.elf.dir/ra/fsp/src/bsp/mcu/ra6m5/bsp_linker.c.obj:(.rodata.copy_list)
     fb8      fb8       90     1                 copy_list
    1048     1048        6     2         CMakeFiles/Digitally_Controlled_Power_Source.elf.dir/ra/fsp/src/r_ioport/r_ioport.c.obj:(.rodata.g_vbatt_pins_input)
    1048     1048        6     1                 g_vbatt_pins_input
    1050     1050       20     4         CMakeFiles/Digitally_Controlled_Power_Source.elf.dir/ra_gen/hal_data.c.obj:(.rodata.output_timer_pwm_extend)
    1050     1050       20     1                 output_timer_pwm_extend
    1070     1070       40     4         CMakeFiles/Digitally_Controlled_Power_Source.elf.dir/ra_gen/hal_data.c.obj:(.rodata.output_timer_extend)
    1070     1070       40     1                 output_timer_extend
    10b0     10b0       20     4         CMakeFiles/Digitally_Controlled_Power_Source.elf.dir/ra_gen/hal_data.c.obj:(.rodata.output_timer_cfg)
    10b0     10b0       20     1                 output_timer_cfg
    10d0     10d0       20     4         CMakeFiles/Digitally_Controlled_Power_Source.elf.dir/ra_gen/hal_data.c.obj:(.rodata.adc_timer_pwm_extend)
    10d0     10d0       20     1                 adc_timer_pwm_extend
    10f0     10f0       40     4         CMakeFiles/Digitally_Controlled_Power_Source.elf.dir/ra_gen/hal_data.c.obj:(.rodata.adc_timer_extend)
    10f0     10f0       40     1                 adc_timer_extend
    1130     1130       20     4         CMakeFiles/Digitally_Controlled_Power_Source.elf.dir/ra_gen/hal_data.c.obj:(.rodata.adc_timer_cfg)
    1130     1130       20     1                 adc_timer_cfg
    1150     1150       38     4         CMakeFiles/Digitally_Controlled_Power_Source.elf.dir/ra_gen/pin_data.c.obj:(.rodata.g_bsp_pin_cfg_data)
    1150     1150       38     1                 g_bsp_pin_cfg_data
    1188     1188        c     4         CMakeFiles/Digitally_Controlled_Power_Source.elf.dir/ra_gen/pin_data.c.obj:(.rodata.g_bsp_pin_cfg)
    1188     1188        c     1                 g_bsp_pin_cfg
    1194     1194        c     2         CMakeFiles/Digitally_Controlled_Power_Source.elf.dir/ra_gen/vector_data.c.obj:(.rodata.g_interrupt_event_link_select)
    1194     1194        c     1                 g_interrupt_event_link_select
    11a0     11a0       4e     4         CMakeFiles/Digitally_Controlled_Power_Source.elf.dir/ra/fsp/src/bsp/mcu/all/bsp_common.c.obj:(.version)
    11a0     11a0        4     1                 g_fsp_version
    11a4     11a4        6     1                 g_fsp_version_string
    11aa     11aa       44     1                 g_fsp_version_build_string
    11ee     11ee        0     1         __flash_readonly$$Limit = . 
    11ee     11ee        0     1 __flash_preinit_array$$
    11ee     11ee        0     1         __preinit_array_start = . 
    11ee     11ee        0     1         __preinit_array_end = . 
    11ee     11ee        0     1 __flash_init_array$$
    11ee     11ee        0     1         __init_array_start = . 
    11ee     11ee        0     1         __init_array_end = . 
    11ee     11ee        0     1 __flash_fini_array$$
    11ee     11ee        0     1         __fini_array_start = . 
    11ee     11ee        0     1         __fini_array_end = . 
    11ee     11ee        0     1 __flash_arm.exidx$$
    11ee     11ee        0     1         __exidx_start = . 
    11ee     11ee        0     1         __exidx_end = . 
    8000     8000        0     1 .flash.endof
    8000     8000        0     1         __ddsc_FLASH_END = . 
    8000     8000        0     1 .flash.flat_nsc
    8000     8000        0     1         __ddsc_FLASH_NSC = . 
 100a100  100a100        0     1 .option_setting_ofs0.startof
 100a100  100a100        0     1         __ddsc_OPTION_SETTING_OFS0_START = . 
 100a100  100a100        4     4 __option_setting_ofs0_reg$$
 100a100  100a100        0     1         __option_setting_ofs0_reg$$Base = . 
 100a100  100a100        4     4         CMakeFiles/Digitally_Controlled_Power_Source.elf.dir/ra/fsp/src/bsp/mcu/ra6m5/bsp_linker.c.obj:(.option_setting_ofs0)
 100a100  100a100        4     1                 g_bsp_cfg_option_setting_ofs0
 100a104  100a104        0     1         __option_setting_ofs0_reg$$Limit = . 
 100a104  100a104        0     1 .option_setting_ofs0.endof
 100a104  100a104        0     1         __ddsc_OPTION_SETTING_OFS0_END = . 
 100a110  100a110        0     1 .option_setting_dualsel.startof
 100a110  100a110        0     1         __ddsc_OPTION_SETTING_DUALSEL_START = . 
 100a110  100a110        0     1 __option_setting_dualsel_reg$$
 100a110  100a110        0     1         __option_setting_dualsel_reg$$Base = . 
 100a110  100a110        0     1         __option_setting_dualsel_reg$$Limit = . 
 100a110  100a110        0     1 .option_setting_dualsel.endof
 100a110  100a110        0     1         __ddsc_OPTION_SETTING_DUALSEL_END = . 
 100a180  100a180        0     1 .option_setting_ofs1.startof
 100a180  100a180        0     1         __ddsc_OPTION_SETTING_OFS1_START = . 
 100a180  100a180        0     1 __option_setting_ofs1_reg$$
 100a180  100a180        0     1         __option_setting_ofs1_reg$$Base = . 
 100a180  100a180        0     1         __option_setting_ofs1_reg$$Limit = . 
 100a180  100a180        0     1 .option_setting_ofs1.endof
 100a180  100a180        0     1         __ddsc_OPTION_SETTING_OFS1_END = . 
 100a190  100a190        0     1 .option_setting_banksel.startof
 100a190  100a190        0     1         __ddsc_OPTION_SETTING_BANKSEL_START = . 
 100a190  100a190        0     1 __option_setting_banksel_reg$$
 100a190  100a190        0     1         __option_setting_banksel_reg$$Base = . 
 100a190  100a190        0     1         __option_setting_banksel_reg$$Limit = . 
 100a190  100a190        0     1 .option_setting_banksel.endof
 100a190  100a190        0     1         __ddsc_OPTION_SETTING_BANKSEL_END = . 
 100a1c0  100a1c0        0     1 .option_setting_bps.startof
 100a1c0  100a1c0        0     1         __ddsc_OPTION_SETTING_BPS_START = . 
 100a1c0  100a1c0        0     1 __option_setting_bps_reg$$
 100a1c0  100a1c0        0     1         __option_setting_bps_reg$$Base = . 
 100a1c0  100a1c0        0     1         __option_setting_bps_reg$$Limit = . 
 100a1c0  100a1c0        0     1 .option_setting_bps.endof
 100a1c0  100a1c0        0     1         __ddsc_OPTION_SETTING_BPS_END = . 
 100a1e0  100a1e0        0     1 .option_setting_pbps.startof
 100a1e0  100a1e0        0     1         __ddsc_OPTION_SETTING_PBPS_START = . 
 100a1e0  100a1e0        0     1 __option_setting_pbps_reg$$
 100a1e0  100a1e0        0     1         __option_setting_pbps_reg$$Base = . 
 100a1e0  100a1e0        0     1         __option_setting_pbps_reg$$Limit = . 
 100a1e0  100a1e0        0     1 .option_setting_pbps.endof
 100a1e0  100a1e0        0     1         __ddsc_OPTION_SETTING_PBPS_END = . 
 100a200  100a200        0     1 .option_setting_ofs1_sec.startof
 100a200  100a200        0     1         __ddsc_OPTION_SETTING_OFS1_SEC_START = . 
 100a200  100a200        4     4 __option_setting_ofs1_sec_reg$$
 100a200  100a200        0     1         __option_setting_ofs1_sec_reg$$Base = . 
 100a200  100a200        4     4         CMakeFiles/Digitally_Controlled_Power_Source.elf.dir/ra/fsp/src/bsp/mcu/ra6m5/bsp_linker.c.obj:(.option_setting_ofs1_sec)
 100a200  100a200        4     1                 g_bsp_cfg_option_setting_ofs1_sec
 100a204  100a204        0     1         __option_setting_ofs1_sec_reg$$Limit = . 
 100a204  100a204        0     1 .option_setting_ofs1_sec.endof
 100a204  100a204        0     1         __ddsc_OPTION_SETTING_OFS1_SEC_END = . 
 100a210  100a210        0     1 .option_setting_banksel_sec.startof
 100a210  100a210        0     1         __ddsc_OPTION_SETTING_BANKSEL_SEC_START = . 
 100a210  100a210        0     1 __option_setting_banksel_sec_reg$$
 100a210  100a210        0     1         __option_setting_banksel_sec_reg$$Base = . 
 100a210  100a210        0     1         __option_setting_banksel_sec_reg$$Limit = . 
 100a210  100a210        0     1 .option_setting_banksel_sec.endof
 100a210  100a210        0     1         __ddsc_OPTION_SETTING_BANKSEL_SEC_END = . 
 100a240  100a240        0     1 .option_setting_bps_sec.startof
 100a240  100a240        0     1         __ddsc_OPTION_SETTING_BPS_SEC_START = . 
 100a240  100a240        0     1 __option_setting_bps_sec_reg$$
 100a240  100a240        0     1         __option_setting_bps_sec_reg$$Base = . 
 100a240  100a240        0     1         __option_setting_bps_sec_reg$$Limit = . 
 100a240  100a240        0     1 .option_setting_bps_sec.endof
 100a240  100a240        0     1         __ddsc_OPTION_SETTING_BPS_SEC_END = . 
 100a260  100a260        0     1 .option_setting_pbps_sec.startof
 100a260  100a260        0     1         __ddsc_OPTION_SETTING_PBPS_SEC_START = . 
 100a260  100a260        0     1 __option_setting_pbps_sec_reg$$
 100a260  100a260        0     1         __option_setting_pbps_sec_reg$$Base = . 
 100a260  100a260        0     1         __option_setting_pbps_sec_reg$$Limit = . 
 100a260  100a260        0     1 .option_setting_pbps_sec.endof
 100a260  100a260        0     1         __ddsc_OPTION_SETTING_PBPS_SEC_END = . 
 100a280  100a280        0     1 .option_setting_ofs1_sel.startof
 100a280  100a280        0     1         __ddsc_OPTION_SETTING_OFS1_SEL_START = . 
 100a280  100a280        4     4 __option_setting_ofs1_sel_reg$$
 100a280  100a280        0     1         __option_setting_ofs1_sel_reg$$Base = . 
 100a280  100a280        4     4         CMakeFiles/Digitally_Controlled_Power_Source.elf.dir/ra/fsp/src/bsp/mcu/ra6m5/bsp_linker.c.obj:(.option_setting_ofs1_sel)
 100a280  100a280        4     1                 g_bsp_cfg_option_setting_ofs1_sel
 100a284  100a284        0     1         __option_setting_ofs1_sel_reg$$Limit = . 
 100a284  100a284        0     1 .option_setting_ofs1_sel.endof
 100a284  100a284        0     1         __ddsc_OPTION_SETTING_OFS1_SEL_END = . 
 100a290  100a290        0     1 .option_setting_banksel_sel.startof
 100a290  100a290        0     1         __ddsc_OPTION_SETTING_BANKSEL_SEL_START = . 
 100a290  100a290        0     1 __option_setting_banksel_sel_reg$$
 100a290  100a290        0     1         __option_setting_banksel_sel_reg$$Base = . 
 100a290  100a290        0     1         __option_setting_banksel_sel_reg$$Limit = . 
 100a290  100a290        0     1 .option_setting_banksel_sel.endof
 100a290  100a290        0     1         __ddsc_OPTION_SETTING_BANKSEL_SEL_END = . 
 100a2c0  100a2c0        0     1 .option_setting_bps_sel.startof
 100a2c0  100a2c0        0     1         __ddsc_OPTION_SETTING_BPS_SEL_START = . 
 100a2c0  100a2c0        0     1 __option_setting_bps_sel_reg$$
 100a2c0  100a2c0        0     1         __option_setting_bps_sel_reg$$Base = . 
 100a2c0  100a2c0        0     1         __option_setting_bps_sel_reg$$Limit = . 
 100a2c0  100a2c0        0     1 .option_setting_bps_sel.endof
 100a2c0  100a2c0        0     1         __ddsc_OPTION_SETTING_BPS_SEL_END = . 
 100a2c0  100a2c0        0     1 PROVIDE( __tls_base = ADDR(__ram_tdata$$) )
 100a2c0  100a2c0        0     1 PROVIDE( __tdata_source = LOADADDR(__ram_tdata$$) )
 100a2c0  100a2c0        0     1 PROVIDE( __tdata_size = SIZEOF(__ram_tdata$$) )
 100a2c0  100a2c0        0     1 PROVIDE( __tbss_offset = ADDR(__ram_tbss$$) - ADDR(__ram_tdata$$) )
 100a2c0  100a2c0        0     1 PROVIDE( __tbss_size = SIZEOF(__ram_tbss$$) )
 100a2c0  100a2c0        0     1 PROVIDE( __arm32_tls_tcb_offset = 8 )
       0        0       3e     1 .ARM.attributes
       0        0       3e     1         C:\Users\z\.renesas\platform\arm-llvm\21.1.1\ATfE-21.1.1-Windows-x86_64\bin\..\lib\clang-runtimes/arm-none-eabi/armv8m.main_hard_fp_exn_rtti_unaligned_size\lib\crt0.o:(.ARM.attributes)
       0        0     28a3     1 .debug_abbrev
       0        0       a7     1         CMakeFiles/Digitally_Controlled_Power_Source.elf.dir/ra/fsp/src/bsp/cmsis/Device/RENESAS/Source/startup.c.obj:(.debug_abbrev)
      a7       a7      209     1         CMakeFiles/Digitally_Controlled_Power_Source.elf.dir/ra/fsp/src/bsp/cmsis/Device/RENESAS/Source/system.c.obj:(.debug_abbrev)
     2b0      2b0      2fc     1         CMakeFiles/Digitally_Controlled_Power_Source.elf.dir/ra/fsp/src/bsp/mcu/all/bsp_clocks.c.obj:(.debug_abbrev)
     5ac      5ac      149     1         CMakeFiles/Digitally_Controlled_Power_Source.elf.dir/ra/fsp/src/bsp/mcu/all/bsp_common.c.obj:(.debug_abbrev)
     6f5      6f5       ad     1         CMakeFiles/Digitally_Controlled_Power_Source.elf.dir/ra/fsp/src/bsp/mcu/all/bsp_delay.c.obj:(.debug_abbrev)
     7a2      7a2      1ff     1         CMakeFiles/Digitally_Controlled_Power_Source.elf.dir/ra/fsp/src/bsp/mcu/all/bsp_group_irq.c.obj:(.debug_abbrev)
     9a1      9a1       44     1         CMakeFiles/Digitally_Controlled_Power_Source.elf.dir/ra/fsp/src/bsp/mcu/all/bsp_io.c.obj:(.debug_abbrev)
     9e5      9e5      18c     1         CMakeFiles/Digitally_Controlled_Power_Source.elf.dir/ra/fsp/src/bsp/mcu/all/bsp_irq.c.obj:(.debug_abbrev)
     b71      b71      221     1         CMakeFiles/Digitally_Controlled_Power_Source.elf.dir/ra/fsp/src/bsp/mcu/all/bsp_register_protection.c.obj:(.debug_abbrev)
     d92      d92       67     1         CMakeFiles/Digitally_Controlled_Power_Source.elf.dir/ra/fsp/src/bsp/mcu/all/bsp_sbrk.c.obj:(.debug_abbrev)
     df9      df9       a2     1         CMakeFiles/Digitally_Controlled_Power_Source.elf.dir/ra/fsp/src/bsp/mcu/ra6m5/bsp_linker.c.obj:(.debug_abbrev)
     e9b      e9b      3e9     1         CMakeFiles/Digitally_Controlled_Power_Source.elf.dir/ra/fsp/src/r_adc/r_adc.c.obj:(.debug_abbrev)
    1284     1284      3ea     1         CMakeFiles/Digitally_Controlled_Power_Source.elf.dir/ra/fsp/src/r_dtc/r_dtc.c.obj:(.debug_abbrev)
    166e     166e      27d     1         CMakeFiles/Digitally_Controlled_Power_Source.elf.dir/ra/fsp/src/r_elc/r_elc.c.obj:(.debug_abbrev)
    18eb     18eb      407     1         CMakeFiles/Digitally_Controlled_Power_Source.elf.dir/ra/fsp/src/r_gpt/r_gpt.c.obj:(.debug_abbrev)
    1cf2     1cf2      337     1         CMakeFiles/Digitally_Controlled_Power_Source.elf.dir/ra/fsp/src/r_ioport/r_ioport.c.obj:(.debug_abbrev)
    2029     2029      135     1         CMakeFiles/Digitally_Controlled_Power_Source.elf.dir/ra_gen/common_data.c.obj:(.debug_abbrev)
    215e     215e       c4     1         CMakeFiles/Digitally_Controlled_Power_Source.elf.dir/ra_gen/elc_data.c.obj:(.debug_abbrev)
    2222     2222      2c7     1         CMakeFiles/Digitally_Controlled_Power_Source.elf.dir/ra_gen/hal_data.c.obj:(.debug_abbrev)
    24e9     24e9       3c     1         CMakeFiles/Digitally_Controlled_Power_Source.elf.dir/ra_gen/main.c.obj:(.debug_abbrev)
    2525     2525       e6     1         CMakeFiles/Digitally_Controlled_Power_Source.elf.dir/ra_gen/pin_data.c.obj:(.debug_abbrev)
    260b     260b       a8     1         CMakeFiles/Digitally_Controlled_Power_Source.elf.dir/ra_gen/vector_data.c.obj:(.debug_abbrev)
    26b3     26b3       ea     1         CMakeFiles/Digitally_Controlled_Power_Source.elf.dir/src/hal_entry.c.obj:(.debug_abbrev)
    279d     279d      106     1         CMakeFiles/Digitally_Controlled_Power_Source.elf.dir/src/hal_warmstart.c.obj:(.debug_abbrev)
       0        0    2ee29     1 .debug_info
       0        0       b1     1         CMakeFiles/Digitally_Controlled_Power_Source.elf.dir/ra/fsp/src/bsp/cmsis/Device/RENESAS/Source/startup.c.obj:(.debug_info)
      b1       b1      b1f     1         CMakeFiles/Digitally_Controlled_Power_Source.elf.dir/ra/fsp/src/bsp/cmsis/Device/RENESAS/Source/system.c.obj:(.debug_info)
     bd0      bd0     5189     1         CMakeFiles/Digitally_Controlled_Power_Source.elf.dir/ra/fsp/src/bsp/mcu/all/bsp_clocks.c.obj:(.debug_info)
    5d59     5d59      596     1         CMakeFiles/Digitally_Controlled_Power_Source.elf.dir/ra/fsp/src/bsp/mcu/all/bsp_common.c.obj:(.debug_info)
    62ef     62ef      104     1         CMakeFiles/Digitally_Controlled_Power_Source.elf.dir/ra/fsp/src/bsp/mcu/all/bsp_delay.c.obj:(.debug_info)
    63f3     63f3      db4     1         CMakeFiles/Digitally_Controlled_Power_Source.elf.dir/ra/fsp/src/bsp/mcu/all/bsp_group_irq.c.obj:(.debug_info)
    71a7     71a7       43     1         CMakeFiles/Digitally_Controlled_Power_Source.elf.dir/ra/fsp/src/bsp/mcu/all/bsp_io.c.obj:(.debug_info)
    71ea     71ea     17bf     1         CMakeFiles/Digitally_Controlled_Power_Source.elf.dir/ra/fsp/src/bsp/mcu/all/bsp_irq.c.obj:(.debug_info)
    89a9     89a9     2ec3     1         CMakeFiles/Digitally_Controlled_Power_Source.elf.dir/ra/fsp/src/bsp/mcu/all/bsp_register_protection.c.obj:(.debug_info)
    b86c     b86c       5f     1         CMakeFiles/Digitally_Controlled_Power_Source.elf.dir/ra/fsp/src/bsp/mcu/all/bsp_sbrk.c.obj:(.debug_info)
    b8cb     b8cb      1ea     1         CMakeFiles/Digitally_Controlled_Power_Source.elf.dir/ra/fsp/src/bsp/mcu/ra6m5/bsp_linker.c.obj:(.debug_info)
    bab5     bab5     8456     1         CMakeFiles/Digitally_Controlled_Power_Source.elf.dir/ra/fsp/src/r_adc/r_adc.c.obj:(.debug_info)
   13f0b    13f0b     21ec     1         CMakeFiles/Digitally_Controlled_Power_Source.elf.dir/ra/fsp/src/r_dtc/r_dtc.c.obj:(.debug_info)
   160f7    160f7     19e3     1         CMakeFiles/Digitally_Controlled_Power_Source.elf.dir/ra/fsp/src/r_elc/r_elc.c.obj:(.debug_info)
   17ada    17ada     803b     1         CMakeFiles/Digitally_Controlled_Power_Source.elf.dir/ra/fsp/src/r_gpt/r_gpt.c.obj:(.debug_info)
   1fb15    1fb15     5dfe     1         CMakeFiles/Digitally_Controlled_Power_Source.elf.dir/ra/fsp/src/r_ioport/r_ioport.c.obj:(.debug_info)
   25913    25913     139e     1         CMakeFiles/Digitally_Controlled_Power_Source.elf.dir/ra_gen/common_data.c.obj:(.debug_info)
   26cb1    26cb1      51c     1         CMakeFiles/Digitally_Controlled_Power_Source.elf.dir/ra_gen/elc_data.c.obj:(.debug_info)
   271cd    271cd     62d3     1         CMakeFiles/Digitally_Controlled_Power_Source.elf.dir/ra_gen/hal_data.c.obj:(.debug_info)
   2d4a0    2d4a0       37     1         CMakeFiles/Digitally_Controlled_Power_Source.elf.dir/ra_gen/main.c.obj:(.debug_info)
   2d4d7    2d4d7      49b     1         CMakeFiles/Digitally_Controlled_Power_Source.elf.dir/ra_gen/pin_data.c.obj:(.debug_info)
   2d972    2d972      523     1         CMakeFiles/Digitally_Controlled_Power_Source.elf.dir/ra_gen/vector_data.c.obj:(.debug_info)
   2de95    2de95      59f     1         CMakeFiles/Digitally_Controlled_Power_Source.elf.dir/src/hal_entry.c.obj:(.debug_info)
   2e434    2e434      9f5     1         CMakeFiles/Digitally_Controlled_Power_Source.elf.dir/src/hal_warmstart.c.obj:(.debug_info)
       0        0      47f     1 .debug_rnglists
       0        0       17     1         CMakeFiles/Digitally_Controlled_Power_Source.elf.dir/ra/fsp/src/bsp/cmsis/Device/RENESAS/Source/startup.c.obj:(.debug_rnglists)
      17       17       18     1         CMakeFiles/Digitally_Controlled_Power_Source.elf.dir/ra/fsp/src/bsp/cmsis/Device/RENESAS/Source/system.c.obj:(.debug_rnglists)
      2f       2f       5c     1         CMakeFiles/Digitally_Controlled_Power_Source.elf.dir/ra/fsp/src/bsp/mcu/all/bsp_clocks.c.obj:(.debug_rnglists)
      8b       8b       1a     1         CMakeFiles/Digitally_Controlled_Power_Source.elf.dir/ra/fsp/src/bsp/mcu/all/bsp_common.c.obj:(.debug_rnglists)
      a5       a5       18     1         CMakeFiles/Digitally_Controlled_Power_Source.elf.dir/ra/fsp/src/bsp/mcu/all/bsp_delay.c.obj:(.debug_rnglists)
      bd       bd       17     1         CMakeFiles/Digitally_Controlled_Power_Source.elf.dir/ra/fsp/src/bsp/mcu/all/bsp_group_irq.c.obj:(.debug_rnglists)
      d4       d4       24     1         CMakeFiles/Digitally_Controlled_Power_Source.elf.dir/ra/fsp/src/bsp/mcu/all/bsp_register_protection.c.obj:(.debug_rnglists)
      f8       f8       f8     1         CMakeFiles/Digitally_Controlled_Power_Source.elf.dir/ra/fsp/src/r_adc/r_adc.c.obj:(.debug_rnglists)
     1f0      1f0       70     1         CMakeFiles/Digitally_Controlled_Power_Source.elf.dir/ra/fsp/src/r_dtc/r_dtc.c.obj:(.debug_rnglists)
     260      260       26     1         CMakeFiles/Digitally_Controlled_Power_Source.elf.dir/ra/fsp/src/r_elc/r_elc.c.obj:(.debug_rnglists)
     286      286      16d     1         CMakeFiles/Digitally_Controlled_Power_Source.elf.dir/ra/fsp/src/r_gpt/r_gpt.c.obj:(.debug_rnglists)
     3f3      3f3       8c     1         CMakeFiles/Digitally_Controlled_Power_Source.elf.dir/ra/fsp/src/r_ioport/r_ioport.c.obj:(.debug_rnglists)
       0        0    10448     1 .debug_str_offsets
       0        0       3c     1         CMakeFiles/Digitally_Controlled_Power_Source.elf.dir/ra/fsp/src/bsp/cmsis/Device/RENESAS/Source/startup.c.obj:(.debug_str_offsets)
      3c       3c      344     1         CMakeFiles/Digitally_Controlled_Power_Source.elf.dir/ra/fsp/src/bsp/cmsis/Device/RENESAS/Source/system.c.obj:(.debug_str_offsets)
     380      380     12a8     1         CMakeFiles/Digitally_Controlled_Power_Source.elf.dir/ra/fsp/src/bsp/mcu/all/bsp_clocks.c.obj:(.debug_str_offsets)
    1628     1628      464     1         CMakeFiles/Digitally_Controlled_Power_Source.elf.dir/ra/fsp/src/bsp/mcu/all/bsp_common.c.obj:(.debug_str_offsets)
    1a8c     1a8c       74     1         CMakeFiles/Digitally_Controlled_Power_Source.elf.dir/ra/fsp/src/bsp/mcu/all/bsp_delay.c.obj:(.debug_str_offsets)
    1b00     1b00      694     1         CMakeFiles/Digitally_Controlled_Power_Source.elf.dir/ra/fsp/src/bsp/mcu/all/bsp_group_irq.c.obj:(.debug_str_offsets)
    2194     2194       24     1         CMakeFiles/Digitally_Controlled_Power_Source.elf.dir/ra/fsp/src/bsp/mcu/all/bsp_io.c.obj:(.debug_str_offsets)
    21b8     21b8      94c     1         CMakeFiles/Digitally_Controlled_Power_Source.elf.dir/ra/fsp/src/bsp/mcu/all/bsp_irq.c.obj:(.debug_str_offsets)
    2b04     2b04      bac     1         CMakeFiles/Digitally_Controlled_Power_Source.elf.dir/ra/fsp/src/bsp/mcu/all/bsp_register_protection.c.obj:(.debug_str_offsets)
    36b0     36b0       2c     1         CMakeFiles/Digitally_Controlled_Power_Source.elf.dir/ra/fsp/src/bsp/mcu/all/bsp_sbrk.c.obj:(.debug_str_offsets)
    36dc     36dc       a0     1         CMakeFiles/Digitally_Controlled_Power_Source.elf.dir/ra/fsp/src/bsp/mcu/ra6m5/bsp_linker.c.obj:(.debug_str_offsets)
    377c     377c     272c     1         CMakeFiles/Digitally_Controlled_Power_Source.elf.dir/ra/fsp/src/r_adc/r_adc.c.obj:(.debug_str_offsets)
    5ea8     5ea8      ba4     1         CMakeFiles/Digitally_Controlled_Power_Source.elf.dir/ra/fsp/src/r_dtc/r_dtc.c.obj:(.debug_str_offsets)
    6a4c     6a4c      d70     1         CMakeFiles/Digitally_Controlled_Power_Source.elf.dir/ra/fsp/src/r_elc/r_elc.c.obj:(.debug_str_offsets)
    77bc     77bc     2434     1         CMakeFiles/Digitally_Controlled_Power_Source.elf.dir/ra/fsp/src/r_gpt/r_gpt.c.obj:(.debug_str_offsets)
    9bf0     9bf0     1ad8     1         CMakeFiles/Digitally_Controlled_Power_Source.elf.dir/ra/fsp/src/r_ioport/r_ioport.c.obj:(.debug_str_offsets)
    b6c8     b6c8      e2c     1         CMakeFiles/Digitally_Controlled_Power_Source.elf.dir/ra_gen/common_data.c.obj:(.debug_str_offsets)
    c4f4     c4f4      4f4     1         CMakeFiles/Digitally_Controlled_Power_Source.elf.dir/ra_gen/elc_data.c.obj:(.debug_str_offsets)
    c9e8     c9e8     2428     1         CMakeFiles/Digitally_Controlled_Power_Source.elf.dir/ra_gen/hal_data.c.obj:(.debug_str_offsets)
    ee10     ee10       1c     1         CMakeFiles/Digitally_Controlled_Power_Source.elf.dir/ra_gen/main.c.obj:(.debug_str_offsets)
    ee2c     ee2c      428     1         CMakeFiles/Digitally_Controlled_Power_Source.elf.dir/ra_gen/pin_data.c.obj:(.debug_str_offsets)
    f254     f254      4f0     1         CMakeFiles/Digitally_Controlled_Power_Source.elf.dir/ra_gen/vector_data.c.obj:(.debug_str_offsets)
    f744     f744      4e8     1         CMakeFiles/Digitally_Controlled_Power_Source.elf.dir/src/hal_entry.c.obj:(.debug_str_offsets)
    fc2c     fc2c      81c     1         CMakeFiles/Digitally_Controlled_Power_Source.elf.dir/src/hal_warmstart.c.obj:(.debug_str_offsets)
       0        0    10fcf     1 .debug_str
       0        0    10fcf     1         <internal>:(.debug_str)
       0        0      630     1 .debug_addr
       0        0       1c     1         CMakeFiles/Digitally_Controlled_Power_Source.elf.dir/ra/fsp/src/bsp/cmsis/Device/RENESAS/Source/startup.c.obj:(.debug_addr)
      1c       1c       34     1         CMakeFiles/Digitally_Controlled_Power_Source.elf.dir/ra/fsp/src/bsp/cmsis/Device/RENESAS/Source/system.c.obj:(.debug_addr)
      50       50       90     1         CMakeFiles/Digitally_Controlled_Power_Source.elf.dir/ra/fsp/src/bsp/mcu/all/bsp_clocks.c.obj:(.debug_addr)
      e0       e0       20     1         CMakeFiles/Digitally_Controlled_Power_Source.elf.dir/ra/fsp/src/bsp/mcu/all/bsp_common.c.obj:(.debug_addr)
     100      100       20     1         CMakeFiles/Digitally_Controlled_Power_Source.elf.dir/ra/fsp/src/bsp/mcu/all/bsp_delay.c.obj:(.debug_addr)
     120      120       1c     1         CMakeFiles/Digitally_Controlled_Power_Source.elf.dir/ra/fsp/src/bsp/mcu/all/bsp_group_irq.c.obj:(.debug_addr)
     13c      13c        c     1         CMakeFiles/Digitally_Controlled_Power_Source.elf.dir/ra/fsp/src/bsp/mcu/all/bsp_io.c.obj:(.debug_addr)
     148      148       24     1         CMakeFiles/Digitally_Controlled_Power_Source.elf.dir/ra/fsp/src/bsp/mcu/all/bsp_irq.c.obj:(.debug_addr)
     16c      16c       2c     1         CMakeFiles/Digitally_Controlled_Power_Source.elf.dir/ra/fsp/src/bsp/mcu/all/bsp_register_protection.c.obj:(.debug_addr)
     198      198        c     1         CMakeFiles/Digitally_Controlled_Power_Source.elf.dir/ra/fsp/src/bsp/mcu/all/bsp_sbrk.c.obj:(.debug_addr)
     1a4      1a4       24     1         CMakeFiles/Digitally_Controlled_Power_Source.elf.dir/ra/fsp/src/bsp/mcu/ra6m5/bsp_linker.c.obj:(.debug_addr)
     1c8      1c8      12c     1         CMakeFiles/Digitally_Controlled_Power_Source.elf.dir/ra/fsp/src/r_adc/r_adc.c.obj:(.debug_addr)
     2f4      2f4       74     1         CMakeFiles/Digitally_Controlled_Power_Source.elf.dir/ra/fsp/src/r_dtc/r_dtc.c.obj:(.debug_addr)
     368      368       34     1         CMakeFiles/Digitally_Controlled_Power_Source.elf.dir/ra/fsp/src/r_elc/r_elc.c.obj:(.debug_addr)
     39c      39c      114     1         CMakeFiles/Digitally_Controlled_Power_Source.elf.dir/ra/fsp/src/r_gpt/r_gpt.c.obj:(.debug_addr)
     4b0      4b0       88     1         CMakeFiles/Digitally_Controlled_Power_Source.elf.dir/ra/fsp/src/r_ioport/r_ioport.c.obj:(.debug_addr)
     538      538       1c     1         CMakeFiles/Digitally_Controlled_Power_Source.elf.dir/ra_gen/common_data.c.obj:(.debug_addr)
     554      554        c     1         CMakeFiles/Digitally_Controlled_Power_Source.elf.dir/ra_gen/elc_data.c.obj:(.debug_addr)
     560      560       84     1         CMakeFiles/Digitally_Controlled_Power_Source.elf.dir/ra_gen/hal_data.c.obj:(.debug_addr)
     5e4      5e4        c     1         CMakeFiles/Digitally_Controlled_Power_Source.elf.dir/ra_gen/main.c.obj:(.debug_addr)
     5f0      5f0       10     1         CMakeFiles/Digitally_Controlled_Power_Source.elf.dir/ra_gen/pin_data.c.obj:(.debug_addr)
     600      600       10     1         CMakeFiles/Digitally_Controlled_Power_Source.elf.dir/ra_gen/vector_data.c.obj:(.debug_addr)
     610      610       10     1         CMakeFiles/Digitally_Controlled_Power_Source.elf.dir/src/hal_entry.c.obj:(.debug_addr)
     620      620       10     1         CMakeFiles/Digitally_Controlled_Power_Source.elf.dir/src/hal_warmstart.c.obj:(.debug_addr)
       0        0       29     1 .comment
       0        0       29     1         <internal>:(.comment)
       0        0      a18     4 .debug_frame
       0        0       34     4         CMakeFiles/Digitally_Controlled_Power_Source.elf.dir/ra/fsp/src/bsp/cmsis/Device/RENESAS/Source/startup.c.obj:(.debug_frame)
      34       34       44     4         CMakeFiles/Digitally_Controlled_Power_Source.elf.dir/ra/fsp/src/bsp/cmsis/Device/RENESAS/Source/system.c.obj:(.debug_frame)
      78       78      104     4         CMakeFiles/Digitally_Controlled_Power_Source.elf.dir/ra/fsp/src/bsp/mcu/all/bsp_clocks.c.obj:(.debug_frame)
     17c      17c       44     4         CMakeFiles/Digitally_Controlled_Power_Source.elf.dir/ra/fsp/src/bsp/mcu/all/bsp_common.c.obj:(.debug_frame)
     1c0      1c0       34     4         CMakeFiles/Digitally_Controlled_Power_Source.elf.dir/ra/fsp/src/bsp/mcu/all/bsp_delay.c.obj:(.debug_frame)
     1f4      1f4       44     4         CMakeFiles/Digitally_Controlled_Power_Source.elf.dir/ra/fsp/src/bsp/mcu/all/bsp_group_irq.c.obj:(.debug_frame)
     238      238       34     4         CMakeFiles/Digitally_Controlled_Power_Source.elf.dir/ra/fsp/src/bsp/mcu/all/bsp_irq.c.obj:(.debug_frame)
     26c      26c       3c     4         CMakeFiles/Digitally_Controlled_Power_Source.elf.dir/ra/fsp/src/bsp/mcu/all/bsp_register_protection.c.obj:(.debug_frame)
     2a8      2a8       2c     4         CMakeFiles/Digitally_Controlled_Power_Source.elf.dir/ra/fsp/src/bsp/mcu/all/bsp_sbrk.c.obj:(.debug_frame)
     2d4      2d4      194     4         CMakeFiles/Digitally_Controlled_Power_Source.elf.dir/ra/fsp/src/r_adc/r_adc.c.obj:(.debug_frame)
     468      468       e4     4         CMakeFiles/Digitally_Controlled_Power_Source.elf.dir/ra/fsp/src/r_dtc/r_dtc.c.obj:(.debug_frame)
     54c      54c       8c     4         CMakeFiles/Digitally_Controlled_Power_Source.elf.dir/ra/fsp/src/r_elc/r_elc.c.obj:(.debug_frame)
     5d8      5d8      1fc     4         CMakeFiles/Digitally_Controlled_Power_Source.elf.dir/ra/fsp/src/r_gpt/r_gpt.c.obj:(.debug_frame)
     7d4      7d4      158     4         CMakeFiles/Digitally_Controlled_Power_Source.elf.dir/ra/fsp/src/r_ioport/r_ioport.c.obj:(.debug_frame)
     92c      92c       24     4         CMakeFiles/Digitally_Controlled_Power_Source.elf.dir/ra_gen/common_data.c.obj:(.debug_frame)
     950      950       24     4         CMakeFiles/Digitally_Controlled_Power_Source.elf.dir/ra_gen/hal_data.c.obj:(.debug_frame)
     974      974       2c     4         CMakeFiles/Digitally_Controlled_Power_Source.elf.dir/ra_gen/main.c.obj:(.debug_frame)
     9a0      9a0       30     4         CMakeFiles/Digitally_Controlled_Power_Source.elf.dir/src/hal_entry.c.obj:(.debug_frame)
     9d0      9d0       24     4         CMakeFiles/Digitally_Controlled_Power_Source.elf.dir/src/hal_warmstart.c.obj:(.debug_frame)
     9f4      9f4       24     4         C:\Users\z\.renesas\platform\arm-llvm\21.1.1\ATfE-21.1.1-Windows-x86_64\bin\..\lib\clang-runtimes/arm-none-eabi/armv8m.main_hard_fp_exn_rtti_unaligned_size\lib\libc.a(libc_picolib_machine_arm_read_tp.S.o):(.debug_frame)
       0        0     3943     1 .debug_line
       0        0       bf     1         CMakeFiles/Digitally_Controlled_Power_Source.elf.dir/ra/fsp/src/bsp/cmsis/Device/RENESAS/Source/startup.c.obj:(.debug_line)
      bf       bf      201     1         CMakeFiles/Digitally_Controlled_Power_Source.elf.dir/ra/fsp/src/bsp/cmsis/Device/RENESAS/Source/system.c.obj:(.debug_line)
     2c0      2c0      561     1         CMakeFiles/Digitally_Controlled_Power_Source.elf.dir/ra/fsp/src/bsp/mcu/all/bsp_clocks.c.obj:(.debug_line)
     821      821      112     1         CMakeFiles/Digitally_Controlled_Power_Source.elf.dir/ra/fsp/src/bsp/mcu/all/bsp_common.c.obj:(.debug_line)
     933      933      14c     1         CMakeFiles/Digitally_Controlled_Power_Source.elf.dir/ra/fsp/src/bsp/mcu/all/bsp_delay.c.obj:(.debug_line)
     a7f      a7f      141     1         CMakeFiles/Digitally_Controlled_Power_Source.elf.dir/ra/fsp/src/bsp/mcu/all/bsp_group_irq.c.obj:(.debug_line)
     bc0      bc0       8e     1         CMakeFiles/Digitally_Controlled_Power_Source.elf.dir/ra/fsp/src/bsp/mcu/all/bsp_io.c.obj:(.debug_line)
     c4e      c4e      108     1         CMakeFiles/Digitally_Controlled_Power_Source.elf.dir/ra/fsp/src/bsp/mcu/all/bsp_irq.c.obj:(.debug_line)
     d56      d56      130     1         CMakeFiles/Digitally_Controlled_Power_Source.elf.dir/ra/fsp/src/bsp/mcu/all/bsp_register_protection.c.obj:(.debug_line)
     e86      e86       b3     1         CMakeFiles/Digitally_Controlled_Power_Source.elf.dir/ra/fsp/src/bsp/mcu/all/bsp_sbrk.c.obj:(.debug_line)
     f39      f39       a7     1         CMakeFiles/Digitally_Controlled_Power_Source.elf.dir/ra/fsp/src/bsp/mcu/ra6m5/bsp_linker.c.obj:(.debug_line)
     fe0      fe0      a6b     1         CMakeFiles/Digitally_Controlled_Power_Source.elf.dir/ra/fsp/src/r_adc/r_adc.c.obj:(.debug_line)
    1a4b     1a4b      3db     1         CMakeFiles/Digitally_Controlled_Power_Source.elf.dir/ra/fsp/src/r_dtc/r_dtc.c.obj:(.debug_line)
    1e26     1e26      199     1         CMakeFiles/Digitally_Controlled_Power_Source.elf.dir/ra/fsp/src/r_elc/r_elc.c.obj:(.debug_line)
    1fbf     1fbf      c45     1         CMakeFiles/Digitally_Controlled_Power_Source.elf.dir/ra/fsp/src/r_gpt/r_gpt.c.obj:(.debug_line)
    2c04     2c04      5cd     1         CMakeFiles/Digitally_Controlled_Power_Source.elf.dir/ra/fsp/src/r_ioport/r_ioport.c.obj:(.debug_line)
    31d1     31d1      145     1         CMakeFiles/Digitally_Controlled_Power_Source.elf.dir/ra_gen/common_data.c.obj:(.debug_line)
    3316     3316       8e     1         CMakeFiles/Digitally_Controlled_Power_Source.elf.dir/ra_gen/elc_data.c.obj:(.debug_line)
    33a4     33a4      19e     1         CMakeFiles/Digitally_Controlled_Power_Source.elf.dir/ra_gen/hal_data.c.obj:(.debug_line)
    3542     3542       71     1         CMakeFiles/Digitally_Controlled_Power_Source.elf.dir/ra_gen/main.c.obj:(.debug_line)
    35b3     35b3       c0     1         CMakeFiles/Digitally_Controlled_Power_Source.elf.dir/ra_gen/pin_data.c.obj:(.debug_line)
    3673     3673       a3     1         CMakeFiles/Digitally_Controlled_Power_Source.elf.dir/ra_gen/vector_data.c.obj:(.debug_line)
    3716     3716      10c     1         CMakeFiles/Digitally_Controlled_Power_Source.elf.dir/src/hal_entry.c.obj:(.debug_line)
    3822     3822      121     1         CMakeFiles/Digitally_Controlled_Power_Source.elf.dir/src/hal_warmstart.c.obj:(.debug_line)
       0        0     1398     1 .debug_line_str
       0        0     1398     1         <internal>:(.debug_line_str)
       0        0     1fc4     1 .debug_loclists
       0        0      114     1         CMakeFiles/Digitally_Controlled_Power_Source.elf.dir/ra/fsp/src/bsp/cmsis/Device/RENESAS/Source/system.c.obj:(.debug_loclists)
     114      114      21d     1         CMakeFiles/Digitally_Controlled_Power_Source.elf.dir/ra/fsp/src/bsp/mcu/all/bsp_clocks.c.obj:(.debug_loclists)
     331      331       1d     1         CMakeFiles/Digitally_Controlled_Power_Source.elf.dir/ra/fsp/src/bsp/mcu/all/bsp_common.c.obj:(.debug_loclists)
     34e      34e      107     1         CMakeFiles/Digitally_Controlled_Power_Source.elf.dir/ra/fsp/src/bsp/mcu/all/bsp_delay.c.obj:(.debug_loclists)
     455      455       35     1         CMakeFiles/Digitally_Controlled_Power_Source.elf.dir/ra/fsp/src/bsp/mcu/all/bsp_group_irq.c.obj:(.debug_loclists)
     48a      48a       48     1         CMakeFiles/Digitally_Controlled_Power_Source.elf.dir/ra/fsp/src/bsp/mcu/all/bsp_irq.c.obj:(.debug_loclists)
     4d2      4d2       55     1         CMakeFiles/Digitally_Controlled_Power_Source.elf.dir/ra/fsp/src/bsp/mcu/all/bsp_register_protection.c.obj:(.debug_loclists)
     527      527       1e     1         CMakeFiles/Digitally_Controlled_Power_Source.elf.dir/ra/fsp/src/bsp/mcu/all/bsp_sbrk.c.obj:(.debug_loclists)
     545      545      7bd     1         CMakeFiles/Digitally_Controlled_Power_Source.elf.dir/ra/fsp/src/r_adc/r_adc.c.obj:(.debug_loclists)
     d02      d02      253     1         CMakeFiles/Digitally_Controlled_Power_Source.elf.dir/ra/fsp/src/r_dtc/r_dtc.c.obj:(.debug_loclists)
     f55      f55       92     1         CMakeFiles/Digitally_Controlled_Power_Source.elf.dir/ra/fsp/src/r_elc/r_elc.c.obj:(.debug_loclists)
     fe7      fe7      a99     1         CMakeFiles/Digitally_Controlled_Power_Source.elf.dir/ra/fsp/src/r_gpt/r_gpt.c.obj:(.debug_loclists)
    1a80     1a80      50d     1         CMakeFiles/Digitally_Controlled_Power_Source.elf.dir/ra/fsp/src/r_ioport/r_ioport.c.obj:(.debug_loclists)
    1f8d     1f8d       19     1         CMakeFiles/Digitally_Controlled_Power_Source.elf.dir/src/hal_entry.c.obj:(.debug_loclists)
    1fa6     1fa6       1e     1         CMakeFiles/Digitally_Controlled_Power_Source.elf.dir/src/hal_warmstart.c.obj:(.debug_loclists)
       0        0     15b0     4 .symtab
       0        0     15b0     4         <internal>:(.symtab)
       0        0      925     1 .shstrtab
       0        0      925     1         <internal>:(.shstrtab)
       0        0     1b8f     1 .strtab
       0        0     1b8f     1         <internal>:(.strtab)

Cross Reference Table

Symbol                                            File
memcpy                                            C:\Users\z\.renesas\platform\arm-llvm\21.1.1\ATfE-21.1.1-Windows-x86_64\bin\..\lib\clang-runtimes/arm-none-eabi/armv8m.main_hard_fp_exn_rtti_unaligned_size\lib\libc.a(memcpy.c.o)
                                                  C:\Users\z\.renesas\platform\arm-llvm\21.1.1\ATfE-21.1.1-Windows-x86_64\bin\..\lib\clang-runtimes/arm-none-eabi/armv8m.main_hard_fp_exn_rtti_unaligned_size\lib\crt0.o
memset                                            C:\Users\z\.renesas\platform\arm-llvm\21.1.1\ATfE-21.1.1-Windows-x86_64\bin\..\lib\clang-runtimes/arm-none-eabi/armv8m.main_hard_fp_exn_rtti_unaligned_size\lib\libc.a(memset.c.o)
                                                  C:\Users\z\.renesas\platform\arm-llvm\21.1.1\ATfE-21.1.1-Windows-x86_64\bin\..\lib\clang-runtimes/arm-none-eabi/armv8m.main_hard_fp_exn_rtti_unaligned_size\lib\crt0.o
                                                  C:\Users\z\.renesas\platform\arm-llvm\21.1.1\ATfE-21.1.1-Windows-x86_64\bin\..\lib\clang-runtimes/arm-none-eabi/armv8m.main_hard_fp_exn_rtti_unaligned_size\lib\libc.a(bzero.c.o)
_set_tls                                          C:\Users\z\.renesas\platform\arm-llvm\21.1.1\ATfE-21.1.1-Windows-x86_64\bin\..\lib\clang-runtimes/arm-none-eabi/armv8m.main_hard_fp_exn_rtti_unaligned_size\lib\libc.a(libc_picolib_machine_arm_set_tls.c.o)
                                                  C:\Users\z\.renesas\platform\arm-llvm\21.1.1\ATfE-21.1.1-Windows-x86_64\bin\..\lib\clang-runtimes/arm-none-eabi/armv8m.main_hard_fp_exn_rtti_unaligned_size\lib\crt0.o
                                                  CMakeFiles/Digitally_Controlled_Power_Source.elf.dir/ra/fsp/src/bsp/cmsis/Device/RENESAS/Source/system.c.obj
main                                              CMakeFiles/Digitally_Controlled_Power_Source.elf.dir/ra_gen/main.c.obj
                                                  C:\Users\z\.renesas\platform\arm-llvm\21.1.1\ATfE-21.1.1-Windows-x86_64\bin\..\lib\clang-runtimes/arm-none-eabi/armv8m.main_hard_fp_exn_rtti_unaligned_size\lib\crt0.o
                                                  CMakeFiles/Digitally_Controlled_Power_Source.elf.dir/ra/fsp/src/bsp/cmsis/Device/RENESAS/Source/startup.c.obj
__tls_base                                        D:/Renesas/R7FA6M5BF3CFP/Digitally_Controlled_Power_Source\fsp_gen.lld:691
                                                  C:\Users\z\.renesas\platform\arm-llvm\21.1.1\ATfE-21.1.1-Windows-x86_64\bin\..\lib\clang-runtimes/arm-none-eabi/armv8m.main_hard_fp_exn_rtti_unaligned_size\lib\crt0.o
                                                  CMakeFiles/Digitally_Controlled_Power_Source.elf.dir/ra/fsp/src/bsp/cmsis/Device/RENESAS/Source/system.c.obj
Reset_Handler                                     CMakeFiles/Digitally_Controlled_Power_Source.elf.dir/ra/fsp/src/bsp/cmsis/Device/RENESAS/Source/startup.c.obj
SystemInit                                        CMakeFiles/Digitally_Controlled_Power_Source.elf.dir/ra/fsp/src/bsp/cmsis/Device/RENESAS/Source/system.c.obj
                                                  CMakeFiles/Digitally_Controlled_Power_Source.elf.dir/ra/fsp/src/bsp/cmsis/Device/RENESAS/Source/startup.c.obj
Default_Handler                                   CMakeFiles/Digitally_Controlled_Power_Source.elf.dir/ra/fsp/src/bsp/cmsis/Device/RENESAS/Source/startup.c.obj
g_main_stack                                      CMakeFiles/Digitally_Controlled_Power_Source.elf.dir/ra/fsp/src/bsp/cmsis/Device/RENESAS/Source/startup.c.obj
                                                  CMakeFiles/Digitally_Controlled_Power_Source.elf.dir/ra/fsp/src/bsp/cmsis/Device/RENESAS/Source/system.c.obj
__Vectors                                         CMakeFiles/Digitally_Controlled_Power_Source.elf.dir/ra/fsp/src/bsp/cmsis/Device/RENESAS/Source/startup.c.obj
                                                  CMakeFiles/Digitally_Controlled_Power_Source.elf.dir/ra/fsp/src/bsp/cmsis/Device/RENESAS/Source/system.c.obj
NMI_Handler                                       CMakeFiles/Digitally_Controlled_Power_Source.elf.dir/ra/fsp/src/bsp/mcu/all/bsp_group_irq.c.obj
                                                  CMakeFiles/Digitally_Controlled_Power_Source.elf.dir/ra/fsp/src/bsp/cmsis/Device/RENESAS/Source/startup.c.obj
HardFault_Handler                                 CMakeFiles/Digitally_Controlled_Power_Source.elf.dir/ra/fsp/src/bsp/cmsis/Device/RENESAS/Source/startup.c.obj
MemManage_Handler                                 CMakeFiles/Digitally_Controlled_Power_Source.elf.dir/ra/fsp/src/bsp/cmsis/Device/RENESAS/Source/startup.c.obj
BusFault_Handler                                  CMakeFiles/Digitally_Controlled_Power_Source.elf.dir/ra/fsp/src/bsp/cmsis/Device/RENESAS/Source/startup.c.obj
UsageFault_Handler                                CMakeFiles/Digitally_Controlled_Power_Source.elf.dir/ra/fsp/src/bsp/cmsis/Device/RENESAS/Source/startup.c.obj
SecureFault_Handler                               CMakeFiles/Digitally_Controlled_Power_Source.elf.dir/ra/fsp/src/bsp/cmsis/Device/RENESAS/Source/startup.c.obj
SVC_Handler                                       CMakeFiles/Digitally_Controlled_Power_Source.elf.dir/ra/fsp/src/bsp/cmsis/Device/RENESAS/Source/startup.c.obj
DebugMon_Handler                                  CMakeFiles/Digitally_Controlled_Power_Source.elf.dir/ra/fsp/src/bsp/cmsis/Device/RENESAS/Source/startup.c.obj
PendSV_Handler                                    CMakeFiles/Digitally_Controlled_Power_Source.elf.dir/ra/fsp/src/bsp/cmsis/Device/RENESAS/Source/startup.c.obj
SysTick_Handler                                   CMakeFiles/Digitally_Controlled_Power_Source.elf.dir/ra/fsp/src/bsp/cmsis/Device/RENESAS/Source/startup.c.obj
R_BSP_WarmStart                                   CMakeFiles/Digitally_Controlled_Power_Source.elf.dir/src/hal_warmstart.c.obj
                                                  CMakeFiles/Digitally_Controlled_Power_Source.elf.dir/ra/fsp/src/bsp/cmsis/Device/RENESAS/Source/system.c.obj
bsp_clock_init                                    CMakeFiles/Digitally_Controlled_Power_Source.elf.dir/ra/fsp/src/bsp/mcu/all/bsp_clocks.c.obj
                                                  CMakeFiles/Digitally_Controlled_Power_Source.elf.dir/ra/fsp/src/bsp/cmsis/Device/RENESAS/Source/system.c.obj
g_init_info                                       CMakeFiles/Digitally_Controlled_Power_Source.elf.dir/ra/fsp/src/bsp/mcu/ra6m5/bsp_linker.c.obj
                                                  CMakeFiles/Digitally_Controlled_Power_Source.elf.dir/ra/fsp/src/bsp/cmsis/Device/RENESAS/Source/system.c.obj
__aeabi_memclr4                                   C:\Users\z\.renesas\platform\arm-llvm\21.1.1\ATfE-21.1.1-Windows-x86_64\bin\..\lib\clang-runtimes/arm-none-eabi/armv8m.main_hard_fp_exn_rtti_unaligned_size\lib\libc.a(bzero.c.o)
                                                  CMakeFiles/Digitally_Controlled_Power_Source.elf.dir/ra/fsp/src/bsp/cmsis/Device/RENESAS/Source/system.c.obj
__aeabi_memcpy4                                   C:\Users\z\.renesas\platform\arm-llvm\21.1.1\ATfE-21.1.1-Windows-x86_64\bin\..\lib\clang-runtimes/arm-none-eabi/armv8m.main_hard_fp_exn_rtti_unaligned_size\lib\libc.a(memcpy.c.o)
                                                  CMakeFiles/Digitally_Controlled_Power_Source.elf.dir/ra/fsp/src/bsp/cmsis/Device/RENESAS/Source/system.c.obj
SystemCoreClockUpdate                             CMakeFiles/Digitally_Controlled_Power_Source.elf.dir/ra/fsp/src/bsp/mcu/all/bsp_clocks.c.obj
                                                  CMakeFiles/Digitally_Controlled_Power_Source.elf.dir/ra/fsp/src/bsp/cmsis/Device/RENESAS/Source/system.c.obj
R_BSP_Init_RTC                                    CMakeFiles/Digitally_Controlled_Power_Source.elf.dir/ra/fsp/src/bsp/mcu/all/bsp_clocks.c.obj
                                                  CMakeFiles/Digitally_Controlled_Power_Source.elf.dir/ra/fsp/src/bsp/cmsis/Device/RENESAS/Source/system.c.obj
R_BSP_RegisterProtectDisable                      CMakeFiles/Digitally_Controlled_Power_Source.elf.dir/ra/fsp/src/bsp/mcu/all/bsp_register_protection.c.obj
                                                  CMakeFiles/Digitally_Controlled_Power_Source.elf.dir/ra/fsp/src/bsp/cmsis/Device/RENESAS/Source/system.c.obj
                                                  CMakeFiles/Digitally_Controlled_Power_Source.elf.dir/ra/fsp/src/bsp/mcu/all/bsp_clocks.c.obj
                                                  CMakeFiles/Digitally_Controlled_Power_Source.elf.dir/ra/fsp/src/bsp/mcu/all/bsp_irq.c.obj
                                                  CMakeFiles/Digitally_Controlled_Power_Source.elf.dir/ra/fsp/src/r_ioport/r_ioport.c.obj
R_BSP_RegisterProtectEnable                       CMakeFiles/Digitally_Controlled_Power_Source.elf.dir/ra/fsp/src/bsp/mcu/all/bsp_register_protection.c.obj
                                                  CMakeFiles/Digitally_Controlled_Power_Source.elf.dir/ra/fsp/src/bsp/cmsis/Device/RENESAS/Source/system.c.obj
                                                  CMakeFiles/Digitally_Controlled_Power_Source.elf.dir/ra/fsp/src/bsp/mcu/all/bsp_clocks.c.obj
                                                  CMakeFiles/Digitally_Controlled_Power_Source.elf.dir/ra/fsp/src/bsp/mcu/all/bsp_irq.c.obj
                                                  CMakeFiles/Digitally_Controlled_Power_Source.elf.dir/ra/fsp/src/r_ioport/r_ioport.c.obj
_init_tls                                         C:\Users\z\.renesas\platform\arm-llvm\21.1.1\ATfE-21.1.1-Windows-x86_64\bin\..\lib\clang-runtimes/arm-none-eabi/armv8m.main_hard_fp_exn_rtti_unaligned_size\lib\libc.a(libc_picolib_inittls.c.o)
                                                  CMakeFiles/Digitally_Controlled_Power_Source.elf.dir/ra/fsp/src/bsp/cmsis/Device/RENESAS/Source/system.c.obj
__init_array_start                                D:/Renesas/R7FA6M5BF3CFP/Digitally_Controlled_Power_Source\fsp_gen.lld:403
                                                  CMakeFiles/Digitally_Controlled_Power_Source.elf.dir/ra/fsp/src/bsp/cmsis/Device/RENESAS/Source/system.c.obj
__init_array_end                                  D:/Renesas/R7FA6M5BF3CFP/Digitally_Controlled_Power_Source\fsp_gen.lld:406
                                                  CMakeFiles/Digitally_Controlled_Power_Source.elf.dir/ra/fsp/src/bsp/cmsis/Device/RENESAS/Source/system.c.obj
bsp_irq_cfg                                       CMakeFiles/Digitally_Controlled_Power_Source.elf.dir/ra/fsp/src/bsp/mcu/all/bsp_irq.c.obj
                                                  CMakeFiles/Digitally_Controlled_Power_Source.elf.dir/ra/fsp/src/bsp/cmsis/Device/RENESAS/Source/system.c.obj
bsp_init                                          CMakeFiles/Digitally_Controlled_Power_Source.elf.dir/ra/fsp/src/bsp/mcu/all/bsp_common.c.obj
                                                  CMakeFiles/Digitally_Controlled_Power_Source.elf.dir/ra/fsp/src/bsp/cmsis/Device/RENESAS/Source/system.c.obj
SystemCoreClock                                   CMakeFiles/Digitally_Controlled_Power_Source.elf.dir/ra/fsp/src/bsp/cmsis/Device/RENESAS/Source/system.c.obj
                                                  CMakeFiles/Digitally_Controlled_Power_Source.elf.dir/ra/fsp/src/bsp/mcu/all/bsp_clocks.c.obj
                                                  CMakeFiles/Digitally_Controlled_Power_Source.elf.dir/ra/fsp/src/bsp/mcu/all/bsp_delay.c.obj
                                                  CMakeFiles/Digitally_Controlled_Power_Source.elf.dir/ra/fsp/src/r_adc/r_adc.c.obj
                                                  CMakeFiles/Digitally_Controlled_Power_Source.elf.dir/ra/fsp/src/r_gpt/r_gpt.c.obj
R_BSP_SoftwareDelay                               CMakeFiles/Digitally_Controlled_Power_Source.elf.dir/ra/fsp/src/bsp/mcu/all/bsp_delay.c.obj
                                                  CMakeFiles/Digitally_Controlled_Power_Source.elf.dir/ra/fsp/src/bsp/mcu/all/bsp_clocks.c.obj
                                                  CMakeFiles/Digitally_Controlled_Power_Source.elf.dir/ra/fsp/src/r_ioport/r_ioport.c.obj
R_BSP_SubClockStabilizeWaitAfterReset             CMakeFiles/Digitally_Controlled_Power_Source.elf.dir/ra/fsp/src/bsp/mcu/all/bsp_clocks.c.obj
bsp_init_internal                                 CMakeFiles/Digitally_Controlled_Power_Source.elf.dir/ra/fsp/src/bsp/mcu/all/bsp_common.c.obj
bsp_prv_software_delay_loop                       CMakeFiles/Digitally_Controlled_Power_Source.elf.dir/ra/fsp/src/bsp/mcu/all/bsp_delay.c.obj
g_bsp_group_irq_sources                           CMakeFiles/Digitally_Controlled_Power_Source.elf.dir/ra/fsp/src/bsp/mcu/all/bsp_group_irq.c.obj
g_protect_pfswe_counter                           CMakeFiles/Digitally_Controlled_Power_Source.elf.dir/ra/fsp/src/bsp/mcu/all/bsp_io.c.obj
                                                  CMakeFiles/Digitally_Controlled_Power_Source.elf.dir/ra/fsp/src/r_ioport/r_ioport.c.obj
g_interrupt_event_link_select                     CMakeFiles/Digitally_Controlled_Power_Source.elf.dir/ra_gen/vector_data.c.obj
                                                  CMakeFiles/Digitally_Controlled_Power_Source.elf.dir/ra/fsp/src/bsp/mcu/all/bsp_irq.c.obj
gp_renesas_isr_context                            CMakeFiles/Digitally_Controlled_Power_Source.elf.dir/ra/fsp/src/bsp/mcu/all/bsp_irq.c.obj
                                                  CMakeFiles/Digitally_Controlled_Power_Source.elf.dir/ra/fsp/src/r_adc/r_adc.c.obj
                                                  CMakeFiles/Digitally_Controlled_Power_Source.elf.dir/ra/fsp/src/r_gpt/r_gpt.c.obj
g_protect_counters                                CMakeFiles/Digitally_Controlled_Power_Source.elf.dir/ra/fsp/src/bsp/mcu/all/bsp_register_protection.c.obj
__ospi0_cs0_noinit_nocache$$Base                  D:/Renesas/R7FA6M5BF3CFP/Digitally_Controlled_Power_Source\fsp_gen.lld:237
                                                  CMakeFiles/Digitally_Controlled_Power_Source.elf.dir/ra/fsp/src/bsp/mcu/ra6m5/bsp_linker.c.obj
__ospi0_cs0_zero_nocache$$Limit                   D:/Renesas/R7FA6M5BF3CFP/Digitally_Controlled_Power_Source\fsp_gen.lld:249
                                                  CMakeFiles/Digitally_Controlled_Power_Source.elf.dir/ra/fsp/src/bsp/mcu/ra6m5/bsp_linker.c.obj
__ram_noinit_nocache$$Base                        D:/Renesas/R7FA6M5BF3CFP/Digitally_Controlled_Power_Source\fsp_gen.lld:289
                                                  CMakeFiles/Digitally_Controlled_Power_Source.elf.dir/ra/fsp/src/bsp/mcu/ra6m5/bsp_linker.c.obj
__ram_zero_nocache$$Limit                         D:/Renesas/R7FA6M5BF3CFP/Digitally_Controlled_Power_Source\fsp_gen.lld:301
                                                  CMakeFiles/Digitally_Controlled_Power_Source.elf.dir/ra/fsp/src/bsp/mcu/ra6m5/bsp_linker.c.obj
__ospi0_cs0_zero_nocache$$Base                    D:/Renesas/R7FA6M5BF3CFP/Digitally_Controlled_Power_Source\fsp_gen.lld:245
                                                  CMakeFiles/Digitally_Controlled_Power_Source.elf.dir/ra/fsp/src/bsp/mcu/ra6m5/bsp_linker.c.obj
__ospi0_cs0_zero$$Base                            D:/Renesas/R7FA6M5BF3CFP/Digitally_Controlled_Power_Source\fsp_gen.lld:262
                                                  CMakeFiles/Digitally_Controlled_Power_Source.elf.dir/ra/fsp/src/bsp/mcu/ra6m5/bsp_linker.c.obj
__ospi0_cs0_zero$$Limit                           D:/Renesas/R7FA6M5BF3CFP/Digitally_Controlled_Power_Source\fsp_gen.lld:265
                                                  CMakeFiles/Digitally_Controlled_Power_Source.elf.dir/ra/fsp/src/bsp/mcu/ra6m5/bsp_linker.c.obj
__ram_zero_nocache$$Base                          D:/Renesas/R7FA6M5BF3CFP/Digitally_Controlled_Power_Source\fsp_gen.lld:297
                                                  CMakeFiles/Digitally_Controlled_Power_Source.elf.dir/ra/fsp/src/bsp/mcu/ra6m5/bsp_linker.c.obj
__ram_zero$$Base                                  D:/Renesas/R7FA6M5BF3CFP/Digitally_Controlled_Power_Source\fsp_gen.lld:317
                                                  CMakeFiles/Digitally_Controlled_Power_Source.elf.dir/ra/fsp/src/bsp/mcu/ra6m5/bsp_linker.c.obj
__ram_zero$$Limit                                 D:/Renesas/R7FA6M5BF3CFP/Digitally_Controlled_Power_Source\fsp_gen.lld:321
                                                  CMakeFiles/Digitally_Controlled_Power_Source.elf.dir/ra/fsp/src/bsp/mcu/ra6m5/bsp_linker.c.obj
__ram_tbss$$Base                                  D:/Renesas/R7FA6M5BF3CFP/Digitally_Controlled_Power_Source\fsp_gen.lld:335
                                                  CMakeFiles/Digitally_Controlled_Power_Source.elf.dir/ra/fsp/src/bsp/mcu/ra6m5/bsp_linker.c.obj
__ram_tbss$$Limit                                 D:/Renesas/R7FA6M5BF3CFP/Digitally_Controlled_Power_Source\fsp_gen.lld:340
                                                  CMakeFiles/Digitally_Controlled_Power_Source.elf.dir/ra/fsp/src/bsp/mcu/ra6m5/bsp_linker.c.obj
__ospi0_cs0_from_qspi_flash$$Base                 D:/Renesas/R7FA6M5BF3CFP/Digitally_Controlled_Power_Source\fsp_gen.lld:45
                                                  CMakeFiles/Digitally_Controlled_Power_Source.elf.dir/ra/fsp/src/bsp/mcu/ra6m5/bsp_linker.c.obj
__ospi0_cs0_from_qspi_flash$$Limit                D:/Renesas/R7FA6M5BF3CFP/Digitally_Controlled_Power_Source\fsp_gen.lld:50
                                                  CMakeFiles/Digitally_Controlled_Power_Source.elf.dir/ra/fsp/src/bsp/mcu/ra6m5/bsp_linker.c.obj
__ospi0_cs0_from_qspi_flash$$Load                 D:/Renesas/R7FA6M5BF3CFP/Digitally_Controlled_Power_Source\fsp_gen.lld:45
                                                  CMakeFiles/Digitally_Controlled_Power_Source.elf.dir/ra/fsp/src/bsp/mcu/ra6m5/bsp_linker.c.obj
__ospi0_cs0_from_ospi0_cs1$$Base                  D:/Renesas/R7FA6M5BF3CFP/Digitally_Controlled_Power_Source\fsp_gen.lld:108
                                                  CMakeFiles/Digitally_Controlled_Power_Source.elf.dir/ra/fsp/src/bsp/mcu/ra6m5/bsp_linker.c.obj
__ospi0_cs0_from_ospi0_cs1$$Limit                 D:/Renesas/R7FA6M5BF3CFP/Digitally_Controlled_Power_Source\fsp_gen.lld:113
                                                  CMakeFiles/Digitally_Controlled_Power_Source.elf.dir/ra/fsp/src/bsp/mcu/ra6m5/bsp_linker.c.obj
__ospi0_cs0_from_ospi0_cs1$$Load                  D:/Renesas/R7FA6M5BF3CFP/Digitally_Controlled_Power_Source\fsp_gen.lld:108
                                                  CMakeFiles/Digitally_Controlled_Power_Source.elf.dir/ra/fsp/src/bsp/mcu/ra6m5/bsp_linker.c.obj
__ospi0_cs0_from_data_flash$$Base                 D:/Renesas/R7FA6M5BF3CFP/Digitally_Controlled_Power_Source\fsp_gen.lld:160
                                                  CMakeFiles/Digitally_Controlled_Power_Source.elf.dir/ra/fsp/src/bsp/mcu/ra6m5/bsp_linker.c.obj
__ospi0_cs0_from_data_flash$$Limit                D:/Renesas/R7FA6M5BF3CFP/Digitally_Controlled_Power_Source\fsp_gen.lld:165
                                                  CMakeFiles/Digitally_Controlled_Power_Source.elf.dir/ra/fsp/src/bsp/mcu/ra6m5/bsp_linker.c.obj
__ospi0_cs0_from_data_flash$$Load                 D:/Renesas/R7FA6M5BF3CFP/Digitally_Controlled_Power_Source\fsp_gen.lld:160
                                                  CMakeFiles/Digitally_Controlled_Power_Source.elf.dir/ra/fsp/src/bsp/mcu/ra6m5/bsp_linker.c.obj
__ospi0_cs0_from_flash$$Base                      D:/Renesas/R7FA6M5BF3CFP/Digitally_Controlled_Power_Source\fsp_gen.lld:227
                                                  CMakeFiles/Digitally_Controlled_Power_Source.elf.dir/ra/fsp/src/bsp/mcu/ra6m5/bsp_linker.c.obj
__ospi0_cs0_from_flash$$Limit                     D:/Renesas/R7FA6M5BF3CFP/Digitally_Controlled_Power_Source\fsp_gen.lld:232
                                                  CMakeFiles/Digitally_Controlled_Power_Source.elf.dir/ra/fsp/src/bsp/mcu/ra6m5/bsp_linker.c.obj
__ospi0_cs0_from_flash$$Load                      D:/Renesas/R7FA6M5BF3CFP/Digitally_Controlled_Power_Source\fsp_gen.lld:227
                                                  CMakeFiles/Digitally_Controlled_Power_Source.elf.dir/ra/fsp/src/bsp/mcu/ra6m5/bsp_linker.c.obj
__ram_from_qspi_flash$$Base                       D:/Renesas/R7FA6M5BF3CFP/Digitally_Controlled_Power_Source\fsp_gen.lld:68
                                                  CMakeFiles/Digitally_Controlled_Power_Source.elf.dir/ra/fsp/src/bsp/mcu/ra6m5/bsp_linker.c.obj
__ram_from_qspi_flash$$Limit                      D:/Renesas/R7FA6M5BF3CFP/Digitally_Controlled_Power_Source\fsp_gen.lld:73
                                                  CMakeFiles/Digitally_Controlled_Power_Source.elf.dir/ra/fsp/src/bsp/mcu/ra6m5/bsp_linker.c.obj
__ram_from_qspi_flash$$Load                       D:/Renesas/R7FA6M5BF3CFP/Digitally_Controlled_Power_Source\fsp_gen.lld:68
                                                  CMakeFiles/Digitally_Controlled_Power_Source.elf.dir/ra/fsp/src/bsp/mcu/ra6m5/bsp_linker.c.obj
__ram_from_ospi0_cs1$$Base                        D:/Renesas/R7FA6M5BF3CFP/Digitally_Controlled_Power_Source\fsp_gen.lld:120
                                                  CMakeFiles/Digitally_Controlled_Power_Source.elf.dir/ra/fsp/src/bsp/mcu/ra6m5/bsp_linker.c.obj
__ram_from_ospi0_cs1$$Limit                       D:/Renesas/R7FA6M5BF3CFP/Digitally_Controlled_Power_Source\fsp_gen.lld:125
                                                  CMakeFiles/Digitally_Controlled_Power_Source.elf.dir/ra/fsp/src/bsp/mcu/ra6m5/bsp_linker.c.obj
__ram_from_ospi0_cs1$$Load                        D:/Renesas/R7FA6M5BF3CFP/Digitally_Controlled_Power_Source\fsp_gen.lld:120
                                                  CMakeFiles/Digitally_Controlled_Power_Source.elf.dir/ra/fsp/src/bsp/mcu/ra6m5/bsp_linker.c.obj
__ram_from_data_flash$$Base                       D:/Renesas/R7FA6M5BF3CFP/Digitally_Controlled_Power_Source\fsp_gen.lld:172
                                                  CMakeFiles/Digitally_Controlled_Power_Source.elf.dir/ra/fsp/src/bsp/mcu/ra6m5/bsp_linker.c.obj
__ram_from_data_flash$$Limit                      D:/Renesas/R7FA6M5BF3CFP/Digitally_Controlled_Power_Source\fsp_gen.lld:177
                                                  CMakeFiles/Digitally_Controlled_Power_Source.elf.dir/ra/fsp/src/bsp/mcu/ra6m5/bsp_linker.c.obj
__ram_from_data_flash$$Load                       D:/Renesas/R7FA6M5BF3CFP/Digitally_Controlled_Power_Source\fsp_gen.lld:172
                                                  CMakeFiles/Digitally_Controlled_Power_Source.elf.dir/ra/fsp/src/bsp/mcu/ra6m5/bsp_linker.c.obj
__ram_from_flash$$Base                            D:/Renesas/R7FA6M5BF3CFP/Digitally_Controlled_Power_Source\fsp_gen.lld:277
                                                  CMakeFiles/Digitally_Controlled_Power_Source.elf.dir/ra/fsp/src/bsp/mcu/ra6m5/bsp_linker.c.obj
__ram_from_flash$$Limit                           D:/Renesas/R7FA6M5BF3CFP/Digitally_Controlled_Power_Source\fsp_gen.lld:284
                                                  CMakeFiles/Digitally_Controlled_Power_Source.elf.dir/ra/fsp/src/bsp/mcu/ra6m5/bsp_linker.c.obj
__ram_from_flash$$Load                            D:/Renesas/R7FA6M5BF3CFP/Digitally_Controlled_Power_Source\fsp_gen.lld:277
                                                  CMakeFiles/Digitally_Controlled_Power_Source.elf.dir/ra/fsp/src/bsp/mcu/ra6m5/bsp_linker.c.obj
__ram_tdata$$Base                                 D:/Renesas/R7FA6M5BF3CFP/Digitally_Controlled_Power_Source\fsp_gen.lld:326
                                                  CMakeFiles/Digitally_Controlled_Power_Source.elf.dir/ra/fsp/src/bsp/mcu/ra6m5/bsp_linker.c.obj
__ram_tdata$$Limit                                D:/Renesas/R7FA6M5BF3CFP/Digitally_Controlled_Power_Source\fsp_gen.lld:330
                                                  CMakeFiles/Digitally_Controlled_Power_Source.elf.dir/ra/fsp/src/bsp/mcu/ra6m5/bsp_linker.c.obj
__ram_tdata$$Load                                 D:/Renesas/R7FA6M5BF3CFP/Digitally_Controlled_Power_Source\fsp_gen.lld:326
                                                  CMakeFiles/Digitally_Controlled_Power_Source.elf.dir/ra/fsp/src/bsp/mcu/ra6m5/bsp_linker.c.obj
adc_scan_end_isr                                  CMakeFiles/Digitally_Controlled_Power_Source.elf.dir/ra/fsp/src/r_adc/r_adc.c.obj
                                                  CMakeFiles/Digitally_Controlled_Power_Source.elf.dir/ra_gen/vector_data.c.obj
adc_scan_end_b_isr                                CMakeFiles/Digitally_Controlled_Power_Source.elf.dir/ra/fsp/src/r_adc/r_adc.c.obj
                                                  CMakeFiles/Digitally_Controlled_Power_Source.elf.dir/ra_gen/vector_data.c.obj
R_GPT_Open                                        CMakeFiles/Digitally_Controlled_Power_Source.elf.dir/ra/fsp/src/r_gpt/r_gpt.c.obj
                                                  CMakeFiles/Digitally_Controlled_Power_Source.elf.dir/src/hal_entry.c.obj
R_GPT_Start                                       CMakeFiles/Digitally_Controlled_Power_Source.elf.dir/ra/fsp/src/r_gpt/r_gpt.c.obj
                                                  CMakeFiles/Digitally_Controlled_Power_Source.elf.dir/src/hal_entry.c.obj
R_GPT_DutyCycleSet                                CMakeFiles/Digitally_Controlled_Power_Source.elf.dir/ra/fsp/src/r_gpt/r_gpt.c.obj
                                                  CMakeFiles/Digitally_Controlled_Power_Source.elf.dir/src/hal_entry.c.obj
gpt_counter_overflow_isr                          CMakeFiles/Digitally_Controlled_Power_Source.elf.dir/ra/fsp/src/r_gpt/r_gpt.c.obj
                                                  CMakeFiles/Digitally_Controlled_Power_Source.elf.dir/ra_gen/vector_data.c.obj
gpt_counter_underflow_isr                         CMakeFiles/Digitally_Controlled_Power_Source.elf.dir/ra/fsp/src/r_gpt/r_gpt.c.obj
                                                  CMakeFiles/Digitally_Controlled_Power_Source.elf.dir/ra_gen/vector_data.c.obj
R_IOPORT_Open                                     CMakeFiles/Digitally_Controlled_Power_Source.elf.dir/ra/fsp/src/r_ioport/r_ioport.c.obj
                                                  CMakeFiles/Digitally_Controlled_Power_Source.elf.dir/src/hal_warmstart.c.obj
g_ioport_ctrl                                     CMakeFiles/Digitally_Controlled_Power_Source.elf.dir/ra_gen/common_data.c.obj
                                                  CMakeFiles/Digitally_Controlled_Power_Source.elf.dir/src/hal_warmstart.c.obj
g_bsp_pin_cfg                                     CMakeFiles/Digitally_Controlled_Power_Source.elf.dir/ra_gen/pin_data.c.obj
                                                  CMakeFiles/Digitally_Controlled_Power_Source.elf.dir/ra_gen/common_data.c.obj
                                                  CMakeFiles/Digitally_Controlled_Power_Source.elf.dir/src/hal_warmstart.c.obj
output_timer_pwm_extend                           CMakeFiles/Digitally_Controlled_Power_Source.elf.dir/ra_gen/hal_data.c.obj
output_timer_extend                               CMakeFiles/Digitally_Controlled_Power_Source.elf.dir/ra_gen/hal_data.c.obj
output_timer_cfg                                  CMakeFiles/Digitally_Controlled_Power_Source.elf.dir/ra_gen/hal_data.c.obj
                                                  CMakeFiles/Digitally_Controlled_Power_Source.elf.dir/src/hal_entry.c.obj
output_timer_ctrl                                 CMakeFiles/Digitally_Controlled_Power_Source.elf.dir/ra_gen/hal_data.c.obj
                                                  CMakeFiles/Digitally_Controlled_Power_Source.elf.dir/src/hal_entry.c.obj
adc_timer_pwm_extend                              CMakeFiles/Digitally_Controlled_Power_Source.elf.dir/ra_gen/hal_data.c.obj
adc_timer_extend                                  CMakeFiles/Digitally_Controlled_Power_Source.elf.dir/ra_gen/hal_data.c.obj
adc_timer_cfg                                     CMakeFiles/Digitally_Controlled_Power_Source.elf.dir/ra_gen/hal_data.c.obj
                                                  CMakeFiles/Digitally_Controlled_Power_Source.elf.dir/src/hal_entry.c.obj
adc_timer_ctrl                                    CMakeFiles/Digitally_Controlled_Power_Source.elf.dir/ra_gen/hal_data.c.obj
                                                  CMakeFiles/Digitally_Controlled_Power_Source.elf.dir/src/hal_entry.c.obj
hal_entry                                         CMakeFiles/Digitally_Controlled_Power_Source.elf.dir/src/hal_entry.c.obj
                                                  CMakeFiles/Digitally_Controlled_Power_Source.elf.dir/ra_gen/main.c.obj
g_bsp_pin_cfg_data                                CMakeFiles/Digitally_Controlled_Power_Source.elf.dir/ra_gen/pin_data.c.obj
g_vector_table                                    CMakeFiles/Digitally_Controlled_Power_Source.elf.dir/ra_gen/vector_data.c.obj
bzero                                             C:\Users\z\.renesas\platform\arm-llvm\21.1.1\ATfE-21.1.1-Windows-x86_64\bin\..\lib\clang-runtimes/arm-none-eabi/armv8m.main_hard_fp_exn_rtti_unaligned_size\lib\libc.a(bzero.c.o)
__aeabi_memclr8                                   C:\Users\z\.renesas\platform\arm-llvm\21.1.1\ATfE-21.1.1-Windows-x86_64\bin\..\lib\clang-runtimes/arm-none-eabi/armv8m.main_hard_fp_exn_rtti_unaligned_size\lib\libc.a(bzero.c.o)
__aeabi_memclr                                    C:\Users\z\.renesas\platform\arm-llvm\21.1.1\ATfE-21.1.1-Windows-x86_64\bin\..\lib\clang-runtimes/arm-none-eabi/armv8m.main_hard_fp_exn_rtti_unaligned_size\lib\libc.a(bzero.c.o)
                                                  C:\Users\z\.renesas\platform\arm-llvm\21.1.1\ATfE-21.1.1-Windows-x86_64\bin\..\lib\clang-runtimes/arm-none-eabi/armv8m.main_hard_fp_exn_rtti_unaligned_size\lib\libc.a(libc_picolib_inittls.c.o)
__aeabi_memcpy8                                   C:\Users\z\.renesas\platform\arm-llvm\21.1.1\ATfE-21.1.1-Windows-x86_64\bin\..\lib\clang-runtimes/arm-none-eabi/armv8m.main_hard_fp_exn_rtti_unaligned_size\lib\libc.a(memcpy.c.o)
__aeabi_memcpy                                    C:\Users\z\.renesas\platform\arm-llvm\21.1.1\ATfE-21.1.1-Windows-x86_64\bin\..\lib\clang-runtimes/arm-none-eabi/armv8m.main_hard_fp_exn_rtti_unaligned_size\lib\libc.a(memcpy.c.o)
                                                  C:\Users\z\.renesas\platform\arm-llvm\21.1.1\ATfE-21.1.1-Windows-x86_64\bin\..\lib\clang-runtimes/arm-none-eabi/armv8m.main_hard_fp_exn_rtti_unaligned_size\lib\libc.a(libc_picolib_inittls.c.o)
__tdata_source                                    D:/Renesas/R7FA6M5BF3CFP/Digitally_Controlled_Power_Source\fsp_gen.lld:692
                                                  C:\Users\z\.renesas\platform\arm-llvm\21.1.1\ATfE-21.1.1-Windows-x86_64\bin\..\lib\clang-runtimes/arm-none-eabi/armv8m.main_hard_fp_exn_rtti_unaligned_size\lib\libc.a(libc_picolib_inittls.c.o)
__tdata_size                                      D:/Renesas/R7FA6M5BF3CFP/Digitally_Controlled_Power_Source\fsp_gen.lld:693
                                                  C:\Users\z\.renesas\platform\arm-llvm\21.1.1\ATfE-21.1.1-Windows-x86_64\bin\..\lib\clang-runtimes/arm-none-eabi/armv8m.main_hard_fp_exn_rtti_unaligned_size\lib\libc.a(libc_picolib_inittls.c.o)
__tbss_offset                                     D:/Renesas/R7FA6M5BF3CFP/Digitally_Controlled_Power_Source\fsp_gen.lld:694
                                                  C:\Users\z\.renesas\platform\arm-llvm\21.1.1\ATfE-21.1.1-Windows-x86_64\bin\..\lib\clang-runtimes/arm-none-eabi/armv8m.main_hard_fp_exn_rtti_unaligned_size\lib\libc.a(libc_picolib_inittls.c.o)
__tbss_size                                       D:/Renesas/R7FA6M5BF3CFP/Digitally_Controlled_Power_Source\fsp_gen.lld:695
                                                  C:\Users\z\.renesas\platform\arm-llvm\21.1.1\ATfE-21.1.1-Windows-x86_64\bin\..\lib\clang-runtimes/arm-none-eabi/armv8m.main_hard_fp_exn_rtti_unaligned_size\lib\libc.a(libc_picolib_inittls.c.o)
__arm32_tls_tcb_offset                            D:/Renesas/R7FA6M5BF3CFP/Digitally_Controlled_Power_Source\fsp_gen.lld:696
                                                  C:\Users\z\.renesas\platform\arm-llvm\21.1.1\ATfE-21.1.1-Windows-x86_64\bin\..\lib\clang-runtimes/arm-none-eabi/armv8m.main_hard_fp_exn_rtti_unaligned_size\lib\libc.a(libc_picolib_machine_arm_set_tls.c.o)
__tls                                             C:\Users\z\.renesas\platform\arm-llvm\21.1.1\ATfE-21.1.1-Windows-x86_64\bin\..\lib\clang-runtimes/arm-none-eabi/armv8m.main_hard_fp_exn_rtti_unaligned_size\lib\libc.a(libc_picolib_machine_arm_tls.c.o)
                                                  C:\Users\z\.renesas\platform\arm-llvm\21.1.1\ATfE-21.1.1-Windows-x86_64\bin\..\lib\clang-runtimes/arm-none-eabi/armv8m.main_hard_fp_exn_rtti_unaligned_size\lib\libc.a(libc_picolib_machine_arm_set_tls.c.o)
                                                  C:\Users\z\.renesas\platform\arm-llvm\21.1.1\ATfE-21.1.1-Windows-x86_64\bin\..\lib\clang-runtimes/arm-none-eabi/armv8m.main_hard_fp_exn_rtti_unaligned_size\lib\libc.a(libc_picolib_machine_arm_read_tp.S.o)
